Component: ARM Compiler 5.06 update 7 (build 960) Tool: armlink [4d3601]

==============================================================================

Section Cross References

    startup_stm32f103xb.o(STACK) refers (Special) to heapauxi.o(.text) for __use_two_region_memory
    startup_stm32f103xb.o(HEAP) refers (Special) to heapauxi.o(.text) for __use_two_region_memory
    startup_stm32f103xb.o(RESET) refers (Special) to heapauxi.o(.text) for __use_two_region_memory
    startup_stm32f103xb.o(RESET) refers to startup_stm32f103xb.o(STACK) for __initial_sp
    startup_stm32f103xb.o(RESET) refers to startup_stm32f103xb.o(.text) for Reset_Handler
    startup_stm32f103xb.o(RESET) refers to stm32f1xx_it.o(i.NMI_Handler) for NMI_Handler
    startup_stm32f103xb.o(RESET) refers to stm32f1xx_it.o(i.HardFault_Handler) for HardFault_Handler
    startup_stm32f103xb.o(RESET) refers to stm32f1xx_it.o(i.MemManage_Handler) for MemManage_Handler
    startup_stm32f103xb.o(RESET) refers to stm32f1xx_it.o(i.BusFault_Handler) for BusFault_Handler
    startup_stm32f103xb.o(RESET) refers to stm32f1xx_it.o(i.UsageFault_Handler) for UsageFault_Handler
    startup_stm32f103xb.o(RESET) refers to port.o(.emb_text) for SVC_Handler
    startup_stm32f103xb.o(RESET) refers to stm32f1xx_it.o(i.DebugMon_Handler) for DebugMon_Handler
    startup_stm32f103xb.o(RESET) refers to port.o(i.SysTick_Handler) for SysTick_Handler
    startup_stm32f103xb.o(RESET) refers to stm32f1xx_it.o(i.DMA1_Channel1_IRQHandler) for DMA1_Channel1_IRQHandler
    startup_stm32f103xb.o(RESET) refers to stm32f1xx_it.o(i.DMA1_Channel4_IRQHandler) for DMA1_Channel4_IRQHandler
    startup_stm32f103xb.o(RESET) refers to stm32f1xx_it.o(i.ADC1_2_IRQHandler) for ADC1_2_IRQHandler
    startup_stm32f103xb.o(RESET) refers to stm32f1xx_it.o(i.TIM2_IRQHandler) for TIM2_IRQHandler
    startup_stm32f103xb.o(RESET) refers to stm32f1xx_it.o(i.TIM4_IRQHandler) for TIM4_IRQHandler
    startup_stm32f103xb.o(RESET) refers to stm32f1xx_it.o(i.USART1_IRQHandler) for USART1_IRQHandler
    startup_stm32f103xb.o(.text) refers (Special) to heapauxi.o(.text) for __use_two_region_memory
    startup_stm32f103xb.o(.text) refers to system_stm32f1xx.o(i.SystemInit) for SystemInit
    startup_stm32f103xb.o(.text) refers to __main.o(!!!main) for __main
    startup_stm32f103xb.o(.text) refers to startup_stm32f103xb.o(HEAP) for Heap_Mem
    startup_stm32f103xb.o(.text) refers to startup_stm32f103xb.o(STACK) for Stack_Mem
    st7735.o(i.LCD_Clear) refers to st7735.o(i.LCD_Zone_Set) for LCD_Zone_Set
    st7735.o(i.LCD_Clear) refers to st7735.o(i.LCD_Write_Data16) for LCD_Write_Data16
    st7735.o(i.LCD_Init) refers to stm32f1xx_hal_gpio.o(i.HAL_GPIO_WritePin) for HAL_GPIO_WritePin
    st7735.o(i.LCD_Init) refers to stm32f1xx_hal.o(i.HAL_Delay) for HAL_Delay
    st7735.o(i.LCD_Init) refers to st7735.o(i.LCD_Write_Reg) for LCD_Write_Reg
    st7735.o(i.LCD_Init) refers to st7735.o(i.LCD_Write_Data8) for LCD_Write_Data8
    st7735.o(i.LCD_Init) refers to st7735.o(i.LCD_Clear) for LCD_Clear
    st7735.o(i.LCD_Init) refers to st7735.o(.data) for .data
    st7735.o(i.LCD_Write_Bus) refers to stm32f1xx_hal_spi.o(i.HAL_SPI_Transmit) for HAL_SPI_Transmit
    st7735.o(i.LCD_Write_Bus) refers to main.o(i.Error_Handler) for Error_Handler
    st7735.o(i.LCD_Write_Bus) refers to st7735.o(.data) for .data
    st7735.o(i.LCD_Write_Data16) refers to stm32f1xx_hal_gpio.o(i.HAL_GPIO_WritePin) for HAL_GPIO_WritePin
    st7735.o(i.LCD_Write_Data16) refers to stm32f1xx_hal_spi.o(i.HAL_SPI_Transmit) for HAL_SPI_Transmit
    st7735.o(i.LCD_Write_Data16) refers to main.o(i.Error_Handler) for Error_Handler
    st7735.o(i.LCD_Write_Data16) refers to st7735.o(.data) for .data
    st7735.o(i.LCD_Write_Data8) refers to stm32f1xx_hal_gpio.o(i.HAL_GPIO_WritePin) for HAL_GPIO_WritePin
    st7735.o(i.LCD_Write_Data8) refers to st7735.o(i.LCD_Write_Bus) for LCD_Write_Bus
    st7735.o(i.LCD_Write_Reg) refers to stm32f1xx_hal_gpio.o(i.HAL_GPIO_WritePin) for HAL_GPIO_WritePin
    st7735.o(i.LCD_Write_Reg) refers to st7735.o(i.LCD_Write_Bus) for LCD_Write_Bus
    st7735.o(i.LCD_Zone_Set) refers to st7735.o(i.LCD_Write_Reg) for LCD_Write_Reg
    st7735.o(i.LCD_Zone_Set) refers to st7735.o(i.LCD_Write_Data8) for LCD_Write_Data8
    st7735.o(i.LCD_display_chinese) refers to st7735.o(i.LCD_Zone_Set) for LCD_Zone_Set
    st7735.o(i.LCD_display_chinese) refers to st7735.o(i.LCD_Write_Data16) for LCD_Write_Data16
    st7735.o(i.LCD_drawpoint) refers to st7735.o(i.LCD_Zone_Set) for LCD_Zone_Set
    st7735.o(i.LCD_drawpoint) refers to st7735.o(i.LCD_Write_Data16) for LCD_Write_Data16
    st7735.o(i.LCD_showchar) refers to st7735.o(i.LCD_Zone_Set) for LCD_Zone_Set
    st7735.o(i.LCD_showchar) refers to st7735.o(i.LCD_Write_Data16) for LCD_Write_Data16
    st7735.o(i.LCD_showchar) refers to st7735.o(.constdata) for .constdata
    st7735.o(i.LCD_showfloat) refers to drleqf.o(x$fpl$drleqf) for __aeabi_cdrcmple
[...]
    i.TIM2_IRQHandler                        0x08002a9c   Section        0  stm32f1xx_it.o(i.TIM2_IRQHandler)
    i.TIM4_IRQHandler                        0x08002aa8   Section        0  stm32f1xx_it.o(i.TIM4_IRQHandler)
    i.TIM_Base_SetConfig                     0x08002ab4   Section        0  stm32f1xx_hal_tim.o(i.TIM_Base_SetConfig)
    i.TIM_ETR_SetConfig                      0x08002b20   Section        0  stm32f1xx_hal_tim.o(i.TIM_ETR_SetConfig)
    i.TIM_ITRx_SetConfig                     0x08002b34   Section        0  stm32f1xx_hal_tim.o(i.TIM_ITRx_SetConfig)
    TIM_ITRx_SetConfig                       0x08002b35   Thumb Code    16  stm32f1xx_hal_tim.o(i.TIM_ITRx_SetConfig)
    i.TIM_TI1_ConfigInputStage               0x08002b44   Section        0  stm32f1xx_hal_tim.o(i.TIM_TI1_ConfigInputStage)
    TIM_TI1_ConfigInputStage                 0x08002b45   Thumb Code    34  stm32f1xx_hal_tim.o(i.TIM_TI1_ConfigInputStage)
    i.TIM_TI2_ConfigInputStage               0x08002b66   Section        0  stm32f1xx_hal_tim.o(i.TIM_TI2_ConfigInputStage)
    TIM_TI2_ConfigInputStage                 0x08002b67   Thumb Code    36  stm32f1xx_hal_tim.o(i.TIM_TI2_ConfigInputStage)
    i.UART_DMAAbortOnError                   0x08002b8a   Section        0  stm32f1xx_hal_uart.o(i.UART_DMAAbortOnError)
    UART_DMAAbortOnError                     0x08002b8b   Thumb Code    16  stm32f1xx_hal_uart.o(i.UART_DMAAbortOnError)
    i.UART_DMAError                          0x08002b9a   Section        0  stm32f1xx_hal_uart.o(i.UART_DMAError)
    UART_DMAError                            0x08002b9b   Thumb Code    74  stm32f1xx_hal_uart.o(i.UART_DMAError)
    i.UART_DMATransmitCplt                   0x08002be4   Section        0  stm32f1xx_hal_uart.o(i.UART_DMATransmitCplt)
    UART_DMATransmitCplt                     0x08002be5   Thumb Code    46  stm32f1xx_hal_uart.o(i.UART_DMATransmitCplt)
    i.UART_DMATxHalfCplt                     0x08002c12   Section        0  stm32f1xx_hal_uart.o(i.UART_DMATxHalfCplt)
    UART_DMATxHalfCplt                       0x08002c13   Thumb Code    10  stm32f1xx_hal_uart.o(i.UART_DMATxHalfCplt)
    i.UART_EndRxTransfer                     0x08002c1c   Section        0  stm32f1xx_hal_uart.o(i.UART_EndRxTransfer)
    UART_EndRxTransfer                       0x08002c1d   Thumb Code    48  stm32f1xx_hal_uart.o(i.UART_EndRxTransfer)
    i.UART_EndTxTransfer                     0x08002c4c   Section        0  stm32f1xx_hal_uart.o(i.UART_EndTxTransfer)
    UART_EndTxTransfer                       0x08002c4d   Thumb Code    18  stm32f1xx_hal_uart.o(i.UART_EndTxTransfer)
    i.UART_Receive_IT                        0x08002c5e   Section        0  stm32f1xx_hal_uart.o(i.UART_Receive_IT)
    UART_Receive_IT                          0x08002c5f   Thumb Code   182  stm32f1xx_hal_uart.o(i.UART_Receive_IT)
    i.UART_SetConfig                         0x08002d14   Section        0  stm32f1xx_hal_uart.o(i.UART_SetConfig)
    UART_SetConfig                           0x08002d15   Thumb Code   178  stm32f1xx_hal_uart.o(i.UART_SetConfig)
    i.USART1_IRQHandler                      0x08002dcc   Section        0  stm32f1xx_it.o(i.USART1_IRQHandler)
    i.UsageFault_Handler                     0x08002dd8   Section        0  stm32f1xx_it.o(i.UsageFault_Handler)
    i.__NVIC_SetPriority                     0x08002dda   Section        0  stm32f1xx_hal_cortex.o(i.__NVIC_SetPriority)
    __NVIC_SetPriority                       0x08002ddb   Thumb Code    32  stm32f1xx_hal_cortex.o(i.__NVIC_SetPriority)
    i.code                                   0x08002dfc   Section        0  my_serial.o(i.code)
    i.display                                0x08002e54   Section        0  app.o(i.display)
    i.getCrc8                                0x08002f6c   Section        0  my_serial.o(i.getCrc8)
    i.joy_decode                             0x08002f9c   Section        0  app.o(i.joy_decode)
    i.key_processing                         0x080030d0   Section        0  app.o(i.key_processing)
    i.key_row_scan                           0x08003128   Section        0  app.o(i.key_row_scan)
    i.key_scan                               0x080031ac   Section        0  app.o(i.key_scan)
    i.main                                   0x08003284   Section        0  main.o(i.main)
    i.makeFreeRtosPriority                   0x080032ae   Section        0  cmsis_os.o(i.makeFreeRtosPriority)
    makeFreeRtosPriority                     0x080032af   Thumb Code    12  cmsis_os.o(i.makeFreeRtosPriority)
    i.number_conversion_ascii                0x080032ba   Section        0  printf.o(i.number_conversion_ascii)
    i.osKernelStart                          0x08003308   Section        0  cmsis_os.o(i.osKernelStart)
    i.osThreadCreate                         0x08003312   Section        0  cmsis_os.o(i.osThreadCreate)
    i.printf_reverse_order                   0x08003366   Section        0  printf.o(i.printf_reverse_order)
    i.prvAddCurrentTaskToDelayedList         0x08003384   Section        0  tasks.o(i.prvAddCurrentTaskToDelayedList)
    prvAddCurrentTaskToDelayedList           0x08003385   Thumb Code   102  tasks.o(i.prvAddCurrentTaskToDelayedList)
    i.prvAddNewTaskToReadyList               0x080033f4   Section        0  tasks.o(i.prvAddNewTaskToReadyList)
    prvAddNewTaskToReadyList                 0x080033f5   Thumb Code   194  tasks.o(i.prvAddNewTaskToReadyList)
    i.prvDeleteTCB                           0x080034c4   Section        0  tasks.o(i.prvDeleteTCB)
    prvDeleteTCB                             0x080034c5   Thumb Code    52  tasks.o(i.prvDeleteTCB)
    i.prvHeapInit                            0x080034f8   Section        0  heap_4.o(i.prvHeapInit)
    prvHeapInit                              0x080034f9   Thumb Code    66  heap_4.o(i.prvHeapInit)
    i.prvIdleTask                            0x08003544   Section        0  tasks.o(i.prvIdleTask)
    prvIdleTask                              0x08003545   Thumb Code    82  tasks.o(i.prvIdleTask)
    i.prvInitialiseNewTask                   0x080035a4   Section        0  tasks.o(i.prvInitialiseNewTask)
    prvInitialiseNewTask                     0x080035a5   Thumb Code   142  tasks.o(i.prvInitialiseNewTask)
    i.prvInsertBlockIntoFreeList             0x08003634   Section        0  heap_4.o(i.prvInsertBlockIntoFreeList)
    prvInsertBlockIntoFreeList               0x08003635   Thumb Code    72  heap_4.o(i.prvInsertBlockIntoFreeList)
    i.prvResetNextTaskUnblockTime            0x08003680   Section        0  tasks.o(i.prvResetNextTaskUnblockTime)
    prvResetNextTaskUnblockTime              0x08003681   Thumb Code    26  tasks.o(i.prvResetNextTaskUnblockTime)
    i.prvTaskExitError                       0x080036a0   Section        0  port.o(i.prvTaskExitError)
    prvTaskExitError                         0x080036a1   Thumb Code    36  port.o(i.prvTaskExitError)
    i.pvPortMalloc                           0x080036c8   Section        0  heap_4.o(i.pvPortMalloc)
    i.pxPortInitialiseStack                  0x080037a0   Section        0  port.o(i.pxPortInitialiseStack)
    i.start_init                             0x080037c4   Section        0  my_serial.o(i.start_init)
    i.uxListRemove                           0x0800381c   Section        0  list.o(i.uxListRemove)
    i.vApplicationGetIdleTaskMemory          0x08003844   Section        0  freertos.o(i.vApplicationGetIdleTaskMemory)
    i.vListInitialise                        0x08003858   Section        0  list.o(i.vListInitialise)
    i.vListInitialiseItem                    0x0800386e   Section        0  list.o(i.vListInitialiseItem)
    i.vListInsert                            0x08003874   Section        0  list.o(i.vListInsert)
    i.vListInsertEnd                         0x080038a4   Section        0  list.o(i.vListInsertEnd)
    i.vPortEnterCritical                     0x080038bc   Section        0  port.o(i.vPortEnterCritical)
    i.vPortExitCritical                      0x080038fc   Section        0  port.o(i.vPortExitCritical)
    i.vPortFree                              0x08003924   Section        0  heap_4.o(i.vPortFree)
    i.vPortSetupTimerInterrupt               0x08003980   Section        0  port.o(i.vPortSetupTimerInterrupt)
    i.vTaskDelay                             0x080039a4   Section        0  tasks.o(i.vTaskDelay)
    i.vTaskStartScheduler                    0x080039f0   Section        0  tasks.o(i.vTaskStartScheduler)
    i.vTaskSuspendAll                        0x08003a5c   Section        0  tasks.o(i.vTaskSuspendAll)
    i.vTaskSwitchContext                     0x08003a6c   Section        0  tasks.o(i.vTaskSwitchContext)
    i.xPortStartScheduler                    0x08003ac8   Section        0  port.o(i.xPortStartScheduler)
    i.xTaskCreate                            0x08003b70   Section        0  tasks.o(i.xTaskCreate)
    i.xTaskCreateStatic                      0x08003bca   Section        0  tasks.o(i.xTaskCreateStatic)
    i.xTaskIncrementTick                     0x08003c20   Section        0  tasks.o(i.xTaskIncrementTick)
    i.xTaskResumeAll                         0x08003ce8   Section        0  tasks.o(i.xTaskResumeAll)
    i.zf_sprintf                             0x08003dac   Section        0  printf.o(i.zf_sprintf)
    x$fpl$dadd                               0x08003fac   Section      336  daddsub_clz.o(x$fpl$dadd)
    _dadd1                                   0x08003fbd   Thumb Code     0  daddsub_clz.o(x$fpl$dadd)
    x$fpl$dcmpinf                            0x080040fc   Section       24  dcmpi.o(x$fpl$dcmpinf)
    x$fpl$deqf                               0x08004114   Section      120  deqf.o(x$fpl$deqf)
    x$fpl$dfix                               0x0800418c   Section       94  dfix.o(x$fpl$dfix)
    x$fpl$dflt                               0x080041ea   Section       46  dflt_clz.o(x$fpl$dflt)
    x$fpl$dleqf                              0x08004218   Section      120  dleqf.o(x$fpl$dleqf)
    x$fpl$dmul                               0x08004290   Section      340  dmul.o(x$fpl$dmul)
    x$fpl$dnaninf                            0x080043e4   Section      156  dnaninf.o(x$fpl$dnaninf)
    x$fpl$dretinf                            0x08004480   Section       12  dretinf.o(x$fpl$dretinf)
    x$fpl$drleqf                             0x0800448c   Section      108  drleqf.o(x$fpl$drleqf)
    x$fpl$drsb                               0x080044f8   Section       22  daddsub_clz.o(x$fpl$drsb)
    x$fpl$dsub                               0x08004510   Section      468  daddsub_clz.o(x$fpl$dsub)
    _dsub1                                   0x08004521   Thumb Code     0  daddsub_clz.o(x$fpl$dsub)
    x$fpl$f2d                                0x080046e4   Section       86  f2d.o(x$fpl$f2d)
    x$fpl$fadd                               0x0800473c   Section      196  faddsub_clz.o(x$fpl$fadd)
    _fadd1                                   0x0800474b   Thumb Code     0  faddsub_clz.o(x$fpl$fadd)
    x$fpl$fdiv                               0x08004800   Section      388  fdiv.o(x$fpl$fdiv)
    _fdiv1                                   0x08004801   Thumb Code     0  fdiv.o(x$fpl$fdiv)
    x$fpl$ffixu                              0x08004984   Section       62  ffixu.o(x$fpl$ffixu)
    x$fpl$ffltu                              0x080049c4   Section       38  fflt_clz.o(x$fpl$ffltu)
    x$fpl$fmul                               0x080049ec   Section      258  fmul.o(x$fpl$fmul)
    x$fpl$fnaninf                            0x08004aee   Section      140  fnaninf.o(x$fpl$fnaninf)
    x$fpl$fretinf                            0x08004b7a   Section       10  fretinf.o(x$fpl$fretinf)
    x$fpl$fsub                               0x08004b84   Section      234  faddsub_clz.o(x$fpl$fsub)
    _fsub1                                   0x08004b93   Thumb Code     0  faddsub_clz.o(x$fpl$fsub)
    .constdata                               0x08004c6e   Section     1520  st7735.o(.constdata)
    x$fpl$usenofp                            0x08004c6e   Section        0  usenofp.o(x$fpl$usenofp)
    .constdata                               0x08005260   Section       56  freertos.o(.constdata)
    .constdata                               0x08005298   Section       16  system_stm32f1xx.o(.constdata)
    .constdata                               0x080052a8   Section        8  system_stm32f1xx.o(.constdata)
    .conststring                             0x080052b0   Section       14  freertos.o(.conststring)
    .data                                    0x20000000   Section        4  st7735.o(.data)
    .data                                    0x20000004   Section        6  app.o(.data)
    .data                                    0x2000000c   Section        8  freertos.o(.data)
    .data                                    0x20000014   Section       12  stm32f1xx_hal.o(.data)
    .data                                    0x20000020   Section        4  system_stm32f1xx.o(.data)
    .data                                    0x20000024   Section       60  tasks.o(.data)
    pxDelayedTaskList                        0x20000028   Data           4  tasks.o(.data)
    pxOverflowDelayedTaskList                0x2000002c   Data           4  tasks.o(.data)
    uxDeletedTasksWaitingCleanUp             0x20000030   Data           4  tasks.o(.data)
    uxCurrentNumberOfTasks                   0x20000034   Data           4  tasks.o(.data)
    xTickCount                               0x20000038   Data           4  tasks.o(.data)
    uxTopReadyPriority                       0x2000003c   Data           4  tasks.o(.data)
    xSchedulerRunning                        0x20000040   Data           4  tasks.o(.data)
    uxPendedTicks                            0x20000044   Data           4  tasks.o(.data)
    xYieldPending                            0x20000048   Data           4  tasks.o(.data)
    xNumOfOverflows                          0x2000004c   Data           4  tasks.o(.data)
    uxTaskNumber                             0x20000050   Data           4  tasks.o(.data)
    xNextTaskUnblockTime                     0x20000054   Data           4  tasks.o(.data)
    xIdleTaskHandle                          0x20000058   Data           4  tasks.o(.data)
    uxSchedulerSuspended                     0x2000005c   Data           4  tasks.o(.data)
    .data                                    0x20000060   Section       24  heap_4.o(.data)
    pxEnd                                    0x20000060   Data           4  heap_4.o(.data)
    xFreeBytesRemaining                      0x20000064   Data           4  heap_4.o(.data)
    xMinimumEverFreeBytesRemaining           0x20000068   Data           4  heap_4.o(.data)
    xBlockAllocatedBit                       0x2000006c   Data           4  heap_4.o(.data)
    xStart                                   0x20000070   Data           8  heap_4.o(.data)
    .data                                    0x20000078   Section       12  port.o(.data)
    ucMaxSysCallPriority                     0x20000078   Data           1  port.o(.data)
    uxCriticalNesting                        0x2000007c   Data           4  port.o(.data)
    ulMaxPRIGROUPValue                       0x20000080   Data           4  port.o(.data)
    .bss                                     0x20000084   Section       13  my_serial.o(.bss)
    .bss                                     0x20000094   Section      512  app.o(.bss)
    .bss                                     0x20000294   Section      596  freertos.o(.bss)
    xIdleTaskTCBBuffer                       0x20000294   Data          84  freertos.o(.bss)
    xIdleStack                               0x200002e8   Data         512  freertos.o(.bss)
    .bss                                     0x200004e8   Section      116  adc.o(.bss)
    .bss                                     0x2000055c   Section       88  spi.o(.bss)
    .bss                                     0x200005b4   Section       72  tim.o(.bss)
    .bss                                     0x200005fc   Section      136  usart.o(.bss)
    .bss                                     0x20000684   Section       72  stm32f1xx_hal_timebase_tim.o(.bss)
    .bss                                     0x200006cc   Section      240  tasks.o(.bss)
    pxReadyTasksLists                        0x200006cc   Data         140  tasks.o(.bss)
    xDelayedTaskList1                        0x20000758   Data          20  tasks.o(.bss)
    xDelayedTaskList2                        0x2000076c   Data          20  tasks.o(.bss)
    xPendingReadyList                        0x20000780   Data          20  tasks.o(.bss)
    xTasksWaitingTermination                 0x20000794   Data          20  tasks.o(.bss)
    xSuspendedTaskList                       0x200007a8   Data          20  tasks.o(.bss)
    .bss                                     0x200007bc   Section     3072  heap_4.o(.bss)
    ucHeap                                   0x200007bc   Data        3072  heap_4.o(.bss)
    .bss                                     0x200013bc   Section       96  libspace.o(.bss)
    HEAP                                     0x20001420   Section      512  startup_stm32f103xb.o(HEAP)
    Heap_Mem                                 0x20001420   Data         512  startup_stm32f103xb.o(HEAP)
    STACK                                    0x20001620   Section     1024  startup_stm32f103xb.o(STACK)
    Stack_Mem                                0x20001620   Data        1024  startup_stm32f103xb.o(STACK)
    __initial_sp                             0x20001a20   Data           0  startup_stm32f103xb.o(STACK)

    Global Symbols

    Symbol Name                              Value     Ov Type        Size  Object(Section)

    BuildAttributes$$THM_ISAv4$P$D$K$B$S$PE$A:L22UL41UL21$X:L11$S22US41US21$IEEE1$IW$USESV6$~STKCKD$USESV7$~SHL$OSPACE$ROPI$EBA8$UX$STANDARDLIB$REQ8$PRES8$EABIv2 0x00000000   Number         0  anon$$obj.o ABSOLUTE
    __ARM_use_no_argv                        0x00000000   Number         0  main.o ABSOLUTE
    __ARM_exceptions_init                     - Undefined Weak Reference
    __alloca_initialize                       - Undefined Weak Reference
    __arm_fini_                               - Undefined Weak Reference
    __arm_preinit_                            - Undefined Weak Reference
    __cpp_initialize__aeabi_                  - Undefined Weak Reference
    __cxa_finalize                            - Undefined Weak Reference
    __rt_locale                               - Undefined Weak Reference
    __sigvec_lookup                           - Undefined Weak Reference
    _atexit_init                              - Undefined Weak Reference
    _call_atexit_fns                          - Undefined Weak Reference
    _clock_init                               - Undefined Weak Reference
    _fp_trap_init                             - Undefined Weak Reference
    _fp_trap_shutdown                         - Undefined Weak Reference
    _get_lc_collate                           - Undefined Weak Reference
    _get_lc_ctype                             - Undefined Weak Reference
    _get_lc_monetary                          - Undefined Weak Reference
    _get_lc_numeric                           - Undefined Weak Reference
    _get_lc_time                              - Undefined Weak Reference
    _getenv_init                              - Undefined Weak Reference
    _handle_redirection                       - Undefined Weak Reference
    _init_alloc                               - Undefined Weak Reference
    _init_user_alloc                          - Undefined Weak Reference
    _initio                                   - Undefined Weak Reference
    _rand_init                                - Undefined Weak Reference
    _signal_finish                            - Undefined Weak Reference
    _signal_init                              - Undefined Weak Reference
    _terminate_alloc                          - Undefined Weak Reference
    _terminate_user_alloc                     - Undefined Weak Reference
    _terminateio                              - Undefined Weak Reference
    __Vectors_Size                           0x000000ec   Number         0  startup_stm32f103xb.o ABSOLUTE
    __Vectors                                0x08000000   Data           4  startup_stm32f103xb.o(RESET)
    __Vectors_End                            0x080000ec   Data           0  startup_stm32f103xb.o(RESET)
    __main                                   0x080000ed   Thumb Code     8  __main.o(!!!main)
    __scatterload                            0x080000f5   Thumb Code     0  __scatter.o(!!!scatter)
    __scatterload_rt2                        0x080000f5   Thumb Code    44  __scatter.o(!!!scatter)
    __scatterload_rt2_thumb_only             0x080000f5   Thumb Code     0  __scatter.o(!!!scatter)
    __scatterload_null                       0x08000103   Thumb Code     0  __scatter.o(!!!scatter)
    __scatterload_copy                       0x08000129   Thumb Code    26  __scatter_copy.o(!!handler_copy)
    __scatterload_zeroinit                   0x08000145   Thumb Code    28  __scatter_zi.o(!!handler_zi)
    __rt_lib_init                            0x08000161   Thumb Code     0  libinit.o(.ARM.Collect$$libinit$$00000000)
    __rt_lib_init_alloca_1                   0x08000163   Thumb Code     0  libinit2.o(.ARM.Collect$$libinit$$0000002E)
    __rt_lib_init_argv_1                     0x08000163   Thumb Code     0  libinit2.o(.ARM.Collect$$libinit$$0000002C)
    __rt_lib_init_atexit_1                   0x08000163   Thumb Code     0  libinit2.o(.ARM.Collect$$libinit$$0000001B)
    __rt_lib_init_clock_1                    0x08000163   Thumb Code     0  libinit2.o(.ARM.Collect$$libinit$$00000021)
    __rt_lib_init_cpp_1                      0x08000163   Thumb Code     0  libinit2.o(.ARM.Collect$$libinit$$00000032)
    __rt_lib_init_exceptions_1               0x08000163   Thumb Code     0  libinit2.o(.ARM.Collect$$libinit$$00000030)
    __rt_lib_init_fp_1                       0x08000163   Thumb Code     0  libinit2.o(.ARM.Collect$$libinit$$00000002)
    __rt_lib_init_fp_trap_1                  0x08000163   Thumb Code     0  libinit2.o(.ARM.Collect$$libinit$$0000001F)
    __rt_lib_init_getenv_1                   0x08000163   Thumb Code     0  libinit2.o(.ARM.Collect$$libinit$$00000023)
    __rt_lib_init_heap_1                     0x08000163   Thumb Code     0  libinit2.o(.ARM.Collect$$libinit$$0000000A)
    __rt_lib_init_lc_collate_1               0x08000163   Thumb Code     0  libinit2.o(.ARM.Collect$$libinit$$00000011)
    __rt_lib_init_lc_ctype_1                 0x08000163   Thumb Code     0  libinit2.o(.ARM.Collect$$libinit$$00000013)
    __rt_lib_init_lc_monetary_1              0x08000163   Thumb Code     0  libinit2.o(.ARM.Collect$$libinit$$00000015)
    __rt_lib_init_lc_numeric_1               0x08000163   Thumb Code     0  libinit2.o(.ARM.Collect$$libinit$$00000017)
    __rt_lib_init_lc_time_1                  0x08000163   Thumb Code     0  libinit2.o(.ARM.Collect$$libinit$$00000019)
    __rt_lib_init_preinit_1                  0x08000163   Thumb Code     0  libinit2.o(.ARM.Collect$$libinit$$00000004)
    __rt_lib_init_rand_1                     0x08000163   Thumb Code     0  libinit2.o(.ARM.Collect$$libinit$$0000000E)
    __rt_lib_init_return                     0x08000163   Thumb Code     0  libinit2.o(.ARM.Collect$$libinit$$00000033)
    __rt_lib_init_signal_1                   0x08000163   Thumb Code     0  libinit2.o(.ARM.Collect$$libinit$$0000001D)
    __rt_lib_init_stdio_1                    0x08000163   Thumb Code     0  libinit2.o(.ARM.Collect$$libinit$$00000025)
    __rt_lib_init_user_alloc_1               0x08000163   Thumb Code     0  libinit2.o(.ARM.Collect$$libinit$$0000000C)
    __rt_lib_shutdown                        0x08000165   Thumb Code     0  libshutdown.o(.ARM.Collect$$libshutdown$$00000000)
    __rt_lib_shutdown_cpp_1                  0x08000167   Thumb Code     0  libshutdown2.o(.ARM.Collect$$libshutdown$$00000004)
    __rt_lib_shutdown_fini_1                 0x08000167   Thumb Code     0  libshutdown2.o(.ARM.Collect$$libshutdown$$00000002)
    __rt_lib_shutdown_fp_trap_1              0x08000167   Thumb Code     0  libshutdown2.o(.ARM.Collect$$libshutdown$$00000009)
    __rt_lib_shutdown_heap_1                 0x08000167   Thumb Code     0  libshutdown2.o(.ARM.Collect$$libshutdown$$00000011)
    __rt_lib_shutdown_return                 0x08000167   Thumb Code     0  libshutdown2.o(.ARM.Collect$$libshutdown$$00000012)
    __rt_lib_shutdown_signal_1               0x08000167   Thumb Code     0  libshutdown2.o(.ARM.Collect$$libshutdown$$0000000C)
    __rt_lib_shutdown_stdio_1                0x08000167   Thumb Code     0  libshutdown2.o(.ARM.Collect$$libshutdown$$00000006)
    __rt_lib_shutdown_user_alloc_1           0x08000167   Thumb Code     0  libshutdown2.o(.ARM.Collect$$libshutdown$$0000000E)
    __rt_entry                               0x08000169   Thumb Code     0  __rtentry.o(.ARM.Collect$$rtentry$$00000000)
    __rt_entry_presh_1                       0x08000169   Thumb Code     0  __rtentry2.o(.ARM.Collect$$rtentry$$00000002)
    __rt_entry_sh                            0x08000169   Thumb Code     0  __rtentry4.o(.ARM.Collect$$rtentry$$00000004)
    __rt_entry_li                            0x0800016f   Thumb Code     0  __rtentry2.o(.ARM.Collect$$rtentry$$0000000A)
    __rt_entry_postsh_1                      0x0800016f   Thumb Code     0  __rtentry2.o(.ARM.Collect$$rtentry$$00000009)
    __rt_entry_main                          0x08000173   Thumb Code     0  __rtentry2.o(.ARM.Collect$$rtentry$$0000000D)
    __rt_entry_postli_1                      0x08000173   Thumb Code     0  __rtentry2.o(.ARM.Collect$$rtentry$$0000000C)
    __rt_exit                                0x0800017b   Thumb Code     0  rtexit.o(.ARM.Collect$$rtexit$$00000000)
    __rt_exit_ls                             0x0800017d   Thumb Code     0  rtexit2.o(.ARM.Collect$$rtexit$$00000003)
    __rt_exit_prels_1                        0x0800017d   Thumb Code     0  rtexit2.o(.ARM.Collect$$rtexit$$00000002)
    __rt_exit_exit                           0x08000181   Thumb Code     0  rtexit2.o(.ARM.Collect$$rtexit$$00000004)
    SVC_Handler                              0x08000189   Thumb Code    32  port.o(.emb_text)
    __asm___6_port_c_39a90d8d__prvStartFirstTask 0x080001ad   Thumb Code    28  port.o(.emb_text)
    PendSV_Handler                           0x080001cd   Thumb Code    72  port.o(.emb_text)
    vPortGetIPSR                             0x08000219   Thumb Code     6  port.o(.emb_text)
    Reset_Handler                            0x08000221   Thumb Code     8  startup_stm32f103xb.o(.text)
    CAN1_RX1_IRQHandler                      0x0800023b   Thumb Code     0  startup_stm32f103xb.o(.text)
    CAN1_SCE_IRQHandler                      0x0800023b   Thumb Code     0  startup_stm32f103xb.o(.text)
    DMA1_Channel2_IRQHandler                 0x0800023b   Thumb Code     0  startup_stm32f103xb.o(.text)
    DMA1_Channel3_IRQHandler                 0x0800023b   Thumb Code     0  startup_stm32f103xb.o(.text)
    DMA1_Channel5_IRQHandler                 0x0800023b   Thumb Code     0  startup_stm32f103xb.o(.text)
    DMA1_Channel6_IRQHandler                 0x0800023b   Thumb Code     0  startup_stm32f103xb.o(.text)
    DMA1_Channel7_IRQHandler                 0x0800023b   Thumb Code     0  startup_stm32f103xb.o(.text)
    EXTI0_IRQHandler                         0x0800023b   Thumb Code     0  startup_stm32f103xb.o(.text)
    EXTI15_10_IRQHandler                     0x0800023b   Thumb Code     0  startup_stm32f103xb.o(.text)
    EXTI1_IRQHandler                         0x0800023b   Thumb Code     0  startup_stm32f103xb.o(.text)
    EXTI2_IRQHandler                         0x0800023b   Thumb Code     0  startup_stm32f103xb.o(.text)
    EXTI3_IRQHandler                         0x0800023b   Thumb Code     0  startup_stm32f103xb.o(.text)
    EXTI4_IRQHandler                         0x0800023b   Thumb Code     0  startup_stm32f103xb.o(.text)
    EXTI9_5_IRQHandler                       0x0800023b   Thumb Code     0  startup_stm32f103xb.o(.text)
    FLASH_IRQHandler                         0x0800023b   Thumb Code     0  startup_stm32f103xb.o(.text)
    I2C1_ER_IRQHandler                       0x0800023b   Thumb Code     0  startup_stm32f103xb.o(.text)
    I2C1_EV_IRQHandler                       0x0800023b   Thumb Code     0  startup_stm32f103xb.o(.text)
    I2C2_ER_IRQHandler                       0x0800023b   Thumb Code     0  startup_stm32f103xb.o(.text)
    I2C2_EV_IRQHandler                       0x0800023b   Thumb Code     0  startup_stm32f103xb.o(.text)
    PVD_IRQHandler                           0x0800023b   Thumb Code     0  startup_stm32f103xb.o(.text)
    RCC_IRQHandler                           0x0800023b   Thumb Code     0  startup_stm32f103xb.o(.text)
    RTC_Alarm_IRQHandler                     0x0800023b   Thumb Code     0  startup_stm32f103xb.o(.text)
    RTC_IRQHandler                           0x0800023b   Thumb Code     0  startup_stm32f103xb.o(.text)
    SPI1_IRQHandler                          0x0800023b   Thumb Code     0  startup_stm32f103xb.o(.text)
    SPI2_IRQHandler                          0x0800023b   Thumb Code     0  startup_stm32f103xb.o(.text)
    TAMPER_IRQHandler                        0x0800023b   Thumb Code     0  startup_stm32f103xb.o(.text)
    TIM1_BRK_IRQHandler                      0x0800023b   Thumb Code     0  startup_stm32f103xb.o(.text)
    TIM1_CC_IRQHandler                       0x0800023b   Thumb Code     0  startup_stm32f103xb.o(.text)
    TIM1_TRG_COM_IRQHandler                  0x0800023b   Thumb Code     0  startup_stm32f103xb.o(.text)
    TIM1_UP_IRQHandler                       0x0800023b   Thumb Code     0  startup_stm32f103xb.o(.text)
    TIM3_IRQHandler                          0x0800023b   Thumb Code     0  startup_stm32f103xb.o(.text)
    USART2_IRQHandler                        0x0800023b   Thumb Code     0  startup_stm32f103xb.o(.text)
    USART3_IRQHandler                        0x0800023b   Thumb Code     0  startup_stm32f103xb.o(.text)
    USBWakeUp_IRQHandler                     0x0800023b   Thumb Code     0  startup_stm32f103xb.o(.text)
    USB_HP_CAN1_TX_IRQHandler                0x0800023b   Thumb Code     0  startup_stm32f103xb.o(.text)
    USB_LP_CAN1_RX0_IRQHandler               0x0800023b   Thumb Code     0  startup_stm32f103xb.o(.text)
    WWDG_IRQHandler                          0x0800023b   Thumb Code     0  startup_stm32f103xb.o(.text)
    __user_initial_stackheap                 0x0800023d   Thumb Code     0  startup_stm32f103xb.o(.text)
    __aeabi_memcpy                           0x08000261   Thumb Code     0  rt_memcpy_v6.o(.text)
    __rt_memcpy                              0x08000261   Thumb Code   138  rt_memcpy_v6.o(.text)
    _memcpy_lastbytes                        0x080002c7   Thumb Code     0  rt_memcpy_v6.o(.text)
    __aeabi_memcpy4                          0x080002eb   Thumb Code     0  rt_memcpy_w.o(.text)
    __aeabi_memcpy8                          0x080002eb   Thumb Code     0  rt_memcpy_w.o(.text)
    __rt_memcpy_w                            0x080002eb   Thumb Code   100  rt_memcpy_w.o(.text)
    _memcpy_lastbytes_aligned                0x08000333   Thumb Code     0  rt_memcpy_w.o(.text)
    __aeabi_memclr4                          0x0800034f   Thumb Code     0  rt_memclr_w.o(.text)
    __aeabi_memclr8                          0x0800034f   Thumb Code     0  rt_memclr_w.o(.text)
    __rt_memclr_w                            0x0800034f   Thumb Code    78  rt_memclr_w.o(.text)
    _memset_w                                0x08000353   Thumb Code     0  rt_memclr_w.o(.text)
    __use_two_region_memory                  0x0800039d   Thumb Code     2  heapauxi.o(.text)
    __rt_heap_escrow$2region                 0x0800039f   Thumb Code     2  heapauxi.o(.text)
    __rt_heap_expand$2region                 0x080003a1   Thumb Code     2  heapauxi.o(.text)
    __user_setup_stackheap                   0x080003a3   Thumb Code    74  sys_stackheap_outer.o(.text)
    exit                                     0x080003ed   Thumb Code    18  exit.o(.text)
    __user_libspace                          0x08000401   Thumb Code     8  libspace.o(.text)
    __user_perproc_libspace                  0x08000401   Thumb Code     0  libspace.o(.text)
    __user_perthread_libspace                0x08000401   Thumb Code     0  libspace.o(.text)
    _sys_exit                                0x08000409   Thumb Code     8  sys_exit.o(.text)
    __I$use$semihosting                      0x08000415   Thumb Code     0  use_no_semi.o(.text)
    __use_no_semihosting_swi                 0x08000415   Thumb Code     2  use_no_semi.o(.text)
    __semihosting_library_function           0x08000417   Thumb Code     0  indicate_semi.o(.text)
    ADC1_2_IRQHandler                        0x08000419   Thumb Code     6  stm32f1xx_it.o(i.ADC1_2_IRQHandler)
    ADC_ConversionStop_Disable               0x08000425   Thumb Code    86  stm32f1xx_hal_adc.o(i.ADC_ConversionStop_Disable)
    ADC_DMAConvCplt                          0x0800047b   Thumb Code    78  stm32f1xx_hal_adc.o(i.ADC_DMAConvCplt)
    ADC_DMAError                             0x080004c9   Thumb Code    26  stm32f1xx_hal_adc.o(i.ADC_DMAError)
    ADC_DMAHalfConvCplt                      0x080004e3   Thumb Code    10  stm32f1xx_hal_adc.o(i.ADC_DMAHalfConvCplt)
    ADC_Enable                               0x080004ed   Thumb Code   114  stm32f1xx_hal_adc.o(i.ADC_Enable)
    BusFault_Handler                         0x08000569   Thumb Code     2  stm32f1xx_it.o(i.BusFault_Handler)
    DMA1_Channel1_IRQHandler                 0x0800056d   Thumb Code     6  stm32f1xx_it.o(i.DMA1_Channel1_IRQHandler)
    DMA1_Channel4_IRQHandler                 0x08000579   Thumb Code     6  stm32f1xx_it.o(i.DMA1_Channel4_IRQHandler)
    DebugMon_Handler                         0x080005af   Thumb Code     2  stm32f1xx_it.o(i.DebugMon_Handler)
    Error_Handler                            0x080005b1   Thumb Code     4  main.o(i.Error_Handler)
    HAL_ADCEx_InjectedConvCpltCallback       0x080005b5   Thumb Code     2  stm32f1xx_hal_adc_ex.o(i.HAL_ADCEx_InjectedConvCpltCallback)
    HAL_ADC_ConfigChannel                    0x080005b9   Thumb Code   240  stm32f1xx_hal_adc.o(i.HAL_ADC_ConfigChannel)
    HAL_ADC_ConvCpltCallback                 0x080006b5   Thumb Code     2  stm32f1xx_hal_adc.o(i.HAL_ADC_ConvCpltCallback)
    HAL_ADC_ConvHalfCpltCallback             0x080006b7   Thumb Code     2  stm32f1xx_hal_adc.o(i.HAL_ADC_ConvHalfCpltCallback)
    HAL_ADC_ErrorCallback                    0x080006b9   Thumb Code     2  stm32f1xx_hal_adc.o(i.HAL_ADC_ErrorCallback)
    HAL_ADC_IRQHandler                       0x080006bb   Thumb Code   230  stm32f1xx_hal_adc.o(i.HAL_ADC_IRQHandler)
    HAL_ADC_Init                             0x080007a1   Thumb Code   272  stm32f1xx_hal_adc.o(i.HAL_ADC_Init)
    HAL_ADC_LevelOutOfWindowCallback         0x080008bd   Thumb Code     2  stm32f1xx_hal_adc.o(i.HAL_ADC_LevelOutOfWindowCallback)
    HAL_ADC_MspInit                          0x080008c1   Thumb Code   138  adc.o(i.HAL_ADC_MspInit)
    HAL_ADC_Start_DMA                        0x08000961   Thumb Code   246  stm32f1xx_hal_adc.o(i.HAL_ADC_Start_DMA)
    HAL_DMA_Abort                            0x08000a6d   Thumb Code    70  stm32f1xx_hal_dma.o(i.HAL_DMA_Abort)
    HAL_DMA_Abort_IT                         0x08000ab5   Thumb Code   148  stm32f1xx_hal_dma.o(i.HAL_DMA_Abort_IT)
    HAL_DMA_IRQHandler                       0x08000b4d   Thumb Code   316  stm32f1xx_hal_dma.o(i.HAL_DMA_IRQHandler)
    HAL_DMA_Init                             0x08000ca1   Thumb Code    84  stm32f1xx_hal_dma.o(i.HAL_DMA_Init)
    HAL_DMA_Start_IT                         0x08000cfd   Thumb Code   112  stm32f1xx_hal_dma.o(i.HAL_DMA_Start_IT)
    HAL_Delay                                0x08000d6d   Thumb Code    32  stm32f1xx_hal.o(i.HAL_Delay)
    HAL_GPIO_Init                            0x08000d91   Thumb Code   446  stm32f1xx_hal_gpio.o(i.HAL_GPIO_Init)
    HAL_GPIO_ReadPin                         0x08000f71   Thumb Code    10  stm32f1xx_hal_gpio.o(i.HAL_GPIO_ReadPin)
    HAL_GPIO_WritePin                        0x08000f7b   Thumb Code    10  stm32f1xx_hal_gpio.o(i.HAL_GPIO_WritePin)
    HAL_GetTick                              0x08000f85   Thumb Code     6  stm32f1xx_hal.o(i.HAL_GetTick)
    HAL_IncTick                              0x08000f91   Thumb Code    12  stm32f1xx_hal.o(i.HAL_IncTick)
    HAL_Init                                 0x08000fa1   Thumb Code    32  stm32f1xx_hal.o(i.HAL_Init)
    HAL_InitTick                             0x08000fc5   Thumb Code   100  stm32f1xx_hal_timebase_tim.o(i.HAL_InitTick)
    HAL_MspInit                              0x08001039   Thumb Code    62  stm32f1xx_hal_msp.o(i.HAL_MspInit)
    HAL_NVIC_EnableIRQ                       0x08001081   Thumb Code    26  stm32f1xx_hal_cortex.o(i.HAL_NVIC_EnableIRQ)
    HAL_NVIC_SetPriority                     0x0800109d   Thumb Code    60  stm32f1xx_hal_cortex.o(i.HAL_NVIC_SetPriority)
    HAL_NVIC_SetPriorityGrouping             0x080010dd   Thumb Code    26  stm32f1xx_hal_cortex.o(i.HAL_NVIC_SetPriorityGrouping)
    HAL_RCCEx_PeriphCLKConfig                0x08001101   Thumb Code   224  stm32f1xx_hal_rcc_ex.o(i.HAL_RCCEx_PeriphCLKConfig)
    HAL_RCC_ClockConfig                      0x080011ed   Thumb Code   280  stm32f1xx_hal_rcc.o(i.HAL_RCC_ClockConfig)
    HAL_RCC_GetClockConfig                   0x08001319   Thumb Code    54  stm32f1xx_hal_rcc.o(i.HAL_RCC_GetClockConfig)
    HAL_RCC_GetPCLK1Freq                     0x08001359   Thumb Code    20  stm32f1xx_hal_rcc.o(i.HAL_RCC_GetPCLK1Freq)
    HAL_RCC_GetPCLK2Freq                     0x08001379   Thumb Code    20  stm32f1xx_hal_rcc.o(i.HAL_RCC_GetPCLK2Freq)
    HAL_RCC_GetSysClockFreq                  0x08001399   Thumb Code    74  stm32f1xx_hal_rcc.o(i.HAL_RCC_GetSysClockFreq)
    HAL_RCC_OscConfig                        0x08001405   Thumb Code   778  stm32f1xx_hal_rcc.o(i.HAL_RCC_OscConfig)
    HAL_SPI_Init                             0x08001725   Thumb Code   178  stm32f1xx_hal_spi.o(i.HAL_SPI_Init)
    HAL_SPI_MspInit                          0x080017d9   Thumb Code   102  spi.o(i.HAL_SPI_MspInit)
    HAL_SPI_Transmit                         0x0800184d   Thumb Code   358  stm32f1xx_hal_spi.o(i.HAL_SPI_Transmit)
    HAL_TIMEx_BreakCallback                  0x080019b3   Thumb Code     2  stm32f1xx_hal_tim_ex.o(i.HAL_TIMEx_BreakCallback)
    HAL_TIMEx_CommutCallback                 0x080019b5   Thumb Code     2  stm32f1xx_hal_tim_ex.o(i.HAL_TIMEx_CommutCallback)
    HAL_TIMEx_MasterConfigSynchronization    0x080019b9   Thumb Code    92  stm32f1xx_hal_tim_ex.o(i.HAL_TIMEx_MasterConfigSynchronization)
    HAL_TIM_Base_Init                        0x08001a21   Thumb Code    90  stm32f1xx_hal_tim.o(i.HAL_TIM_Base_Init)
    HAL_TIM_Base_MspInit                     0x08001a7d   Thumb Code    50  tim.o(i.HAL_TIM_Base_MspInit)
    HAL_TIM_Base_Start_IT                    0x08001ab5   Thumb Code    76  stm32f1xx_hal_tim.o(i.HAL_TIM_Base_Start_IT)
    HAL_TIM_ConfigClockSource                0x08001b0d   Thumb Code   214  stm32f1xx_hal_tim.o(i.HAL_TIM_ConfigClockSource)
    HAL_TIM_IC_CaptureCallback               0x08001be3   Thumb Code     2  stm32f1xx_hal_tim.o(i.HAL_TIM_IC_CaptureCallback)
    HAL_TIM_IRQHandler                       0x08001be5   Thumb Code   358  stm32f1xx_hal_tim.o(i.HAL_TIM_IRQHandler)
    HAL_TIM_OC_DelayElapsedCallback          0x08001d4b   Thumb Code     2  stm32f1xx_hal_tim.o(i.HAL_TIM_OC_DelayElapsedCallback)
    HAL_TIM_PWM_PulseFinishedCallback        0x08001d4d   Thumb Code     2  stm32f1xx_hal_tim.o(i.HAL_TIM_PWM_PulseFinishedCallback)
    HAL_TIM_PeriodElapsedCallback            0x08001d51   Thumb Code    76  app.o(i.HAL_TIM_PeriodElapsedCallback)
    HAL_TIM_TriggerCallback                  0x08001dad   Thumb Code     2  stm32f1xx_hal_tim.o(i.HAL_TIM_TriggerCallback)
    HAL_UARTEx_RxEventCallback               0x08001daf   Thumb Code     2  stm32f1xx_hal_uart.o(i.HAL_UARTEx_RxEventCallback)
    HAL_UART_ErrorCallback                   0x08001db1   Thumb Code     2  stm32f1xx_hal_uart.o(i.HAL_UART_ErrorCallback)
    HAL_UART_IRQHandler                      0x08001db5   Thumb Code   520  stm32f1xx_hal_uart.o(i.HAL_UART_IRQHandler)
    HAL_UART_Init                            0x08001fc1   Thumb Code    98  stm32f1xx_hal_uart.o(i.HAL_UART_Init)
    HAL_UART_MspInit                         0x08002025   Thumb Code   156  usart.o(i.HAL_UART_MspInit)
    HAL_UART_RxCpltCallback                  0x080020d5   Thumb Code     2  stm32f1xx_hal_uart.o(i.HAL_UART_RxCpltCallback)
    HAL_UART_Transmit_DMA                    0x080020d9   Thumb Code   114  stm32f1xx_hal_uart.o(i.HAL_UART_Transmit_DMA)
    HAL_UART_TxCpltCallback                  0x08002159   Thumb Code     2  stm32f1xx_hal_uart.o(i.HAL_UART_TxCpltCallback)
    HAL_UART_TxHalfCpltCallback              0x0800215b   Thumb Code     2  stm32f1xx_hal_uart.o(i.HAL_UART_TxHalfCpltCallback)
    HardFault_Handler                        0x0800215d   Thumb Code     2  stm32f1xx_it.o(i.HardFault_Handler)
    LCD_Clear                                0x0800215f   Thumb Code    40  st7735.o(i.LCD_Clear)
    LCD_Init                                 0x08002189   Thumb Code   548  st7735.o(i.LCD_Init)
    LCD_Write_Bus                            0x080023b5   Thumb Code    28  st7735.o(i.LCD_Write_Bus)
    LCD_Write_Data16                         0x080023d5   Thumb Code    72  st7735.o(i.LCD_Write_Data16)
    LCD_Write_Data8                          0x08002429   Thumb Code    50  st7735.o(i.LCD_Write_Data8)
    LCD_Write_Reg                            0x08002465   Thumb Code    50  st7735.o(i.LCD_Write_Reg)
    LCD_Zone_Set                             0x080024a1   Thumb Code    82  st7735.o(i.LCD_Zone_Set)
    LCD_showchar                             0x080024f5   Thumb Code    88  st7735.o(i.LCD_showchar)
    LCD_showfloat                            0x08002551   Thumb Code   152  st7735.o(i.LCD_showfloat)
    LCD_showstr                              0x080025ed   Thumb Code    40  st7735.o(i.LCD_showstr)
    LCD_showuint8                            0x08002615   Thumb Code    76  st7735.o(i.LCD_showuint8)
    MX_ADC1_Init                             0x08002661   Thumb Code   134  adc.o(i.MX_ADC1_Init)
    MX_DMA_Init                              0x080026f1   Thumb Code    56  dma.o(i.MX_DMA_Init)
    MX_FREERTOS_Init                         0x0800272d   Thumb Code    56  freertos.o(i.MX_FREERTOS_Init)
    MX_GPIO_Init                             0x0800276d   Thumb Code   148  gpio.o(i.MX_GPIO_Init)
    MX_SPI2_Init                             0x0800280d   Thumb Code    60  spi.o(i.MX_SPI2_Init)
    MX_TIM2_Init                             0x08002851   Thumb Code    98  tim.o(i.MX_TIM2_Init)
    MX_USART1_UART_Init                      0x080028b9   Thumb Code    48  usart.o(i.MX_USART1_UART_Init)
    MemManage_Handler                        0x080028f1   Thumb Code     2  stm32f1xx_it.o(i.MemManage_Handler)
    NMI_Handler                              0x080028f3   Thumb Code     2  stm32f1xx_it.o(i.NMI_Handler)
    StartTask01                              0x080029cd   Thumb Code    22  freertos.o(i.StartTask01)
    StartTask02                              0x080029e9   Thumb Code    12  freertos.o(i.StartTask02)
    SysTick_Handler                          0x080029f5   Thumb Code    38  port.o(i.SysTick_Handler)
    SystemClock_Config                       0x08002a21   Thumb Code   120  main.o(i.SystemClock_Config)
    SystemInit                               0x08002a99   Thumb Code     2  system_stm32f1xx.o(i.SystemInit)
    TIM2_IRQHandler                          0x08002a9d   Thumb Code     6  stm32f1xx_it.o(i.TIM2_IRQHandler)
    TIM4_IRQHandler                          0x08002aa9   Thumb Code     6  stm32f1xx_it.o(i.TIM4_IRQHandler)
    TIM_Base_SetConfig                       0x08002ab5   Thumb Code    94  stm32f1xx_hal_tim.o(i.TIM_Base_SetConfig)
    TIM_ETR_SetConfig                        0x08002b21   Thumb Code    20  stm32f1xx_hal_tim.o(i.TIM_ETR_SetConfig)
    USART1_IRQHandler                        0x08002dcd   Thumb Code     6  stm32f1xx_it.o(i.USART1_IRQHandler)
    UsageFault_Handler                       0x08002dd9   Thumb Code     2  stm32f1xx_it.o(i.UsageFault_Handler)
    code                                     0x08002dfd   Thumb Code    72  my_serial.o(i.code)
    display                                  0x08002e55   Thumb Code   202  app.o(i.display)
    getCrc8                                  0x08002f6d   Thumb Code    48  my_serial.o(i.getCrc8)
    joy_decode                               0x08002f9d   Thumb Code   288  app.o(i.joy_decode)
    key_processing                           0x080030d1   Thumb Code    82  app.o(i.key_processing)
    key_row_scan                             0x08003129   Thumb Code   120  app.o(i.key_row_scan)
    key_scan                                 0x080031ad   Thumb Code   208  app.o(i.key_scan)
    main                                     0x08003285   Thumb Code    42  main.o(i.main)
    number_conversion_ascii                  0x080032bb   Thumb Code    78  printf.o(i.number_conversion_ascii)
    osKernelStart                            0x08003309   Thumb Code    10  cmsis_os.o(i.osKernelStart)
    osThreadCreate                           0x08003313   Thumb Code    84  cmsis_os.o(i.osThreadCreate)
    printf_reverse_order                     0x08003367   Thumb Code    30  printf.o(i.printf_reverse_order)
    pvPortMalloc                             0x080036c9   Thumb Code   210  heap_4.o(i.pvPortMalloc)
    pxPortInitialiseStack                    0x080037a1   Thumb Code    32  port.o(i.pxPortInitialiseStack)
    start_init                               0x080037c5   Thumb Code    68  my_serial.o(i.start_init)
    uxListRemove                             0x0800381d   Thumb Code    38  list.o(i.uxListRemove)
    vApplicationGetIdleTaskMemory            0x08003845   Thumb Code    16  freertos.o(i.vApplicationGetIdleTaskMemory)
    vListInitialise                          0x08003859   Thumb Code    22  list.o(i.vListInitialise)
    vListInitialiseItem                      0x0800386f   Thumb Code     6  list.o(i.vListInitialiseItem)
    vListInsert                              0x08003875   Thumb Code    48  list.o(i.vListInsert)
    vListInsertEnd                           0x080038a5   Thumb Code    24  list.o(i.vListInsertEnd)
    vPortEnterCritical                       0x080038bd   Thumb Code    54  port.o(i.vPortEnterCritical)
    vPortExitCritical                        0x080038fd   Thumb Code    34  port.o(i.vPortExitCritical)
    vPortFree                                0x08003925   Thumb Code    88  heap_4.o(i.vPortFree)
    vPortSetupTimerInterrupt                 0x08003981   Thumb Code    32  port.o(i.vPortSetupTimerInterrupt)
    vTaskDelay                               0x080039a5   Thumb Code    66  tasks.o(i.vTaskDelay)
    vTaskStartScheduler                      0x080039f1   Thumb Code    90  tasks.o(i.vTaskStartScheduler)
    vTaskSuspendAll                          0x08003a5d   Thumb Code    10  tasks.o(i.vTaskSuspendAll)
    vTaskSwitchContext                       0x08003a6d   Thumb Code    82  tasks.o(i.vTaskSwitchContext)
    xPortStartScheduler                      0x08003ac9   Thumb Code   154  port.o(i.xPortStartScheduler)
    xTaskCreate                              0x08003b71   Thumb Code    90  tasks.o(i.xTaskCreate)
    xTaskCreateStatic                        0x08003bcb   Thumb Code    86  tasks.o(i.xTaskCreateStatic)
    xTaskIncrementTick                       0x08003c21   Thumb Code   192  tasks.o(i.xTaskIncrementTick)
    xTaskResumeAll                           0x08003ce9   Thumb Code   182  tasks.o(i.xTaskResumeAll)
    zf_sprintf                               0x08003dad   Thumb Code   508  printf.o(i.zf_sprintf)
    __aeabi_dadd                             0x08003fad   Thumb Code     0  daddsub_clz.o(x$fpl$dadd)
    _dadd                                    0x08003fad   Thumb Code   332  daddsub_clz.o(x$fpl$dadd)
    __fpl_dcmp_Inf                           0x080040fd   Thumb Code    24  dcmpi.o(x$fpl$dcmpinf)
    __aeabi_cdcmpeq                          0x08004115   Thumb Code     0  deqf.o(x$fpl$deqf)
    _dcmpeq                                  0x08004115   Thumb Code   120  deqf.o(x$fpl$deqf)
    __aeabi_d2iz                             0x0800418d   Thumb Code     0  dfix.o(x$fpl$dfix)
    _dfix                                    0x0800418d   Thumb Code    94  dfix.o(x$fpl$dfix)
    __aeabi_i2d                              0x080041eb   Thumb Code     0  dflt_clz.o(x$fpl$dflt)
    _dflt                                    0x080041eb   Thumb Code    46  dflt_clz.o(x$fpl$dflt)
    __aeabi_cdcmple                          0x08004219   Thumb Code     0  dleqf.o(x$fpl$dleqf)
    _dcmple                                  0x08004219   Thumb Code   120  dleqf.o(x$fpl$dleqf)
    __fpl_dcmple_InfNaN                      0x0800427b   Thumb Code     0  dleqf.o(x$fpl$dleqf)
    __aeabi_dmul                             0x08004291   Thumb Code     0  dmul.o(x$fpl$dmul)
    _dmul                                    0x08004291   Thumb Code   332  dmul.o(x$fpl$dmul)
    __fpl_dnaninf                            0x080043e5   Thumb Code   156  dnaninf.o(x$fpl$dnaninf)
    __fpl_dretinf                            0x08004481   Thumb Code    12  dretinf.o(x$fpl$dretinf)
    __aeabi_cdrcmple                         0x0800448d   Thumb Code     0  drleqf.o(x$fpl$drleqf)
    _drcmple                                 0x0800448d   Thumb Code   108  drleqf.o(x$fpl$drleqf)
    __aeabi_drsub                            0x080044f9   Thumb Code     0  daddsub_clz.o(x$fpl$drsb)
    _drsb                                    0x080044f9   Thumb Code    22  daddsub_clz.o(x$fpl$drsb)
    __aeabi_dsub                             0x08004511   Thumb Code     0  daddsub_clz.o(x$fpl$dsub)
    _dsub                                    0x08004511   Thumb Code   464  daddsub_clz.o(x$fpl$dsub)
    __aeabi_f2d                              0x080046e5   Thumb Code     0  f2d.o(x$fpl$f2d)
    _f2d                                     0x080046e5   Thumb Code    86  f2d.o(x$fpl$f2d)
    __aeabi_fadd                             0x0800473d   Thumb Code     0  faddsub_clz.o(x$fpl$fadd)
    _fadd                                    0x0800473d   Thumb Code   196  faddsub_clz.o(x$fpl$fadd)
    __aeabi_fdiv                             0x08004801   Thumb Code     0  fdiv.o(x$fpl$fdiv)
    _fdiv                                    0x08004801   Thumb Code   384  fdiv.o(x$fpl$fdiv)
    __aeabi_f2uiz                            0x08004985   Thumb Code     0  ffixu.o(x$fpl$ffixu)
    _ffixu                                   0x08004985   Thumb Code    62  ffixu.o(x$fpl$ffixu)
    __aeabi_ui2f                             0x080049c5   Thumb Code     0  fflt_clz.o(x$fpl$ffltu)
    _ffltu                                   0x080049c5   Thumb Code    38  fflt_clz.o(x$fpl$ffltu)
    __aeabi_fmul                             0x080049ed   Thumb Code     0  fmul.o(x$fpl$fmul)
    _fmul                                    0x080049ed   Thumb Code   258  fmul.o(x$fpl$fmul)
    __fpl_fnaninf                            0x08004aef   Thumb Code   140  fnaninf.o(x$fpl$fnaninf)
    __fpl_fretinf                            0x08004b7b   Thumb Code    10  fretinf.o(x$fpl$fretinf)
    __aeabi_fsub                             0x08004b85   Thumb Code     0  faddsub_clz.o(x$fpl$fsub)
    _fsub                                    0x08004b85   Thumb Code   234  faddsub_clz.o(x$fpl$fsub)
    __I$use$fp                               0x08004c6e   Number         0  usenofp.o(x$fpl$usenofp)
    tft_ascii                                0x08004c6e   Data        1520  st7735.o(.constdata)
    AHBPrescTable                            0x08005298   Data          16  system_stm32f1xx.o(.constdata)
    APBPrescTable                            0x080052a8   Data           8  system_stm32f1xx.o(.constdata)
    Region$$Table$$Base                      0x080052c0   Number         0  anon$$obj.o(Region$$Table)
    Region$$Table$$Limit                     0x080052e0   Number         0  anon$$obj.o(Region$$Table)
    LCDParam                                 0x20000000   Data           4  st7735.o(.data)
    key_num                                  0x20000004   Data           1  app.o(.data)
    key_row_num                              0x20000005   Data           1  app.o(.data)
    key_row                                  0x20000006   Data           1  app.o(.data)
    key_num_processed                        0x20000007   Data           1  app.o(.data)
    flag                                     0x20000008   Data           1  app.o(.data)
    key                                      0x20000009   Data           1  app.o(.data)
    Task1Handle                              0x2000000c   Data           4  freertos.o(.data)
    Task2Handle                              0x20000010   Data           4  freertos.o(.data)
    uwTickFreq                               0x20000014   Data           1  stm32f1xx_hal.o(.data)
    uwTickPrio                               0x20000018   Data           4  stm32f1xx_hal.o(.data)
    uwTick                                   0x2000001c   Data           4  stm32f1xx_hal.o(.data)
    SystemCoreClock                          0x20000020   Data           4  system_stm32f1xx.o(.data)
    pxCurrentTCB                             0x20000024   Data           4  tasks.o(.data)
    sendbag                                  0x20000084   Data          13  my_serial.o(.bss)
    JOY_TEMP_VALUE                           0x20000094   Data         480  app.o(.bss)
    JOY_VALUE                                0x20000274   Data          16  app.o(.bss)
    JOY_ADC_VALUE                            0x20000284   Data          16  app.o(.bss)
    hadc1                                    0x200004e8   Data          48  adc.o(.bss)
    hdma_adc1                                0x20000518   Data          68  adc.o(.bss)
    hspi2                                    0x2000055c   Data          88  spi.o(.bss)
    htim2                                    0x200005b4   Data          72  tim.o(.bss)
    huart1                                   0x200005fc   Data          68  usart.o(.bss)
    hdma_usart1_tx                           0x20000640   Data          68  usart.o(.bss)
    htim4                                    0x20000684   Data          72  stm32f1xx_hal_timebase_tim.o(.bss)
    __libspace_start                         0x200013bc   Data          96  libspace.o(.bss)
    __temporary_stack_top$libspace           0x2000141c   Data           0  libspace.o(.bss)



==============================================================================

Memory Map of the image

  Image Entry point : 0x080000ed

  Load Region LR_IROM1 (Base: 0x08000000, Size: 0x00005364, Max: 0x00010000, ABSOLUTE)

    Execution Region ER_IROM1 (Exec base: 0x08000000, Load base: 0x08000000, Size: 0x000052e0, Max: 0x00010000, ABSOLUTE)

    Exec Addr    Load Addr    Size         Type   Attr      Idx    E Section Name        Object

    0x08000000   0x08000000   0x000000ec   Data   RO            3    RESET               startup_stm32f103xb.o
    0x080000ec   0x080000ec   0x00000008   Code   RO         5168  * !!!main             c_w.l(__main.o)
    0x080000f4   0x080000f4   0x00000034   Code   RO         5388    !!!scatter          c_w.l(__scatter.o)
    0x08000128   0x08000128   0x0000001a   Code   RO         5390    !!handler_copy      c_w.l(__scatter_copy.o)
    0x08000142   0x08000142   0x00000002   PAD
    0x08000144   0x08000144   0x0000001c   Code   RO         5392    !!handler_zi        c_w.l(__scatter_zi.o)
    0x08000160   0x08000160   0x00000002   Code   RO         5256    .ARM.Collect$$libinit$$00000000  c_w.l(libinit.o)
    0x08000162   0x08000162   0x00000000   Code   RO         5263    .ARM.Collect$$libinit$$00000002  c_w.l(libinit2.o)
    0x08000162   0x08000162   0x00000000   Code   RO         5265    .ARM.Collect$$libinit$$00000004  c_w.l(libinit2.o)
    0x08000162   0x08000162   0x00000000   Code   RO         5268    .ARM.Collect$$libinit$$0000000A  c_w.l(libinit2.o)
    0x08000162   0x08000162   0x00000000   Code   RO         5270    .ARM.Collect$$libinit$$0000000C  c_w.l(libinit2.o)
    0x08000162   0x08000162   0x00000000   Code   RO         5272    .ARM.Collect$$libinit$$0000000E  c_w.l(libinit2.o)
    0x08000162   0x08000162   0x00000000   Code   RO         5275    .ARM.Collect$$libinit$$00000011  c_w.l(libinit2.o)
    0x08000162   0x08000162   0x00000000   Code   RO         5277    .ARM.Collect$$libinit$$00000013  c_w.l(libinit2.o)
    0x08000162   0x08000162   0x00000000   Code   RO         5279    .ARM.Collect$$libinit$$00000015  c_w.l(libinit2.o)
    0x08000162   0x08000162   0x00000000   Code   RO         5281    .ARM.Collect$$libinit$$00000017  c_w.l(libinit2.o)
    0x08000162   0x08000162   0x00000000   Code   RO         5283    .ARM.Collect$$libinit$$00000019  c_w.l(libinit2.o)
    0x08000162   0x08000162   0x00000000   Code   RO         5285    .ARM.Collect$$libinit$$0000001B  c_w.l(libinit2.o)
    0x08000162   0x08000162   0x00000000   Code   RO         5287    .ARM.Collect$$libinit$$0000001D  c_w.l(libinit2.o)
    0x08000162   0x08000162   0x00000000   Code   RO         5289    .ARM.Collect$$libinit$$0000001F  c_w.l(libinit2.o)
    0x08000162   0x08000162   0x00000000   Code   RO         5291    .ARM.Collect$$libinit$$00000021  c_w.l(libinit2.o)
    0x08000162   0x08000162   0x00000000   Code   RO         5293    .ARM.Collect$$libinit$$00000023  c_w.l(libinit2.o)
    0x08000162   0x08000162   0x00000000   Code   RO         5295    .ARM.Collect$$libinit$$00000025  c_w.l(libinit2.o)
    0x08000162   0x08000162   0x00000000   Code   RO         5299    .ARM.Collect$$libinit$$0000002C  c_w.l(libinit2.o)
    0x08000162   0x08000162   0x00000000   Code   RO         5301    .ARM.Collect$$libinit$$0000002E  c_w.l(libinit2.o)
    0x08000162   0x08000162   0x00000000   Code   RO         5303    .ARM.Collect$$libinit$$00000030  c_w.l(libinit2.o)
    0x08000162   0x08000162   0x00000000   Code   RO         5305    .ARM.Collect$$libinit$$00000032  c_w.l(libinit2.o)
    0x08000162   0x08000162   0x00000002   Code   RO         5306    .ARM.Collect$$libinit$$00000033  c_w.l(libinit2.o)
    0x08000164   0x08000164   0x00000002   Code   RO         5326    .ARM.Collect$$libshutdown$$00000000  c_w.l(libshutdown.o)
    0x08000166   0x08000166   0x00000000   Code   RO         5339    .ARM.Collect$$libshutdown$$00000002  c_w.l(libshutdown2.o)
    0x08000166   0x08000166   0x00000000   Code   RO         5341    .ARM.Collect$$libshutdown$$00000004  c_w.l(libshutdown2.o)
    0x08000166   0x08000166   0x00000000   Code   RO         5343    .ARM.Collect$$libshutdown$$00000006  c_w.l(libshutdown2.o)
    0x08000166   0x08000166   0x00000000   Code   RO         5346    .ARM.Collect$$libshutdown$$00000009  c_w.l(libshutdown2.o)
    0x08000166   0x08000166   0x00000000   Code   RO         5349    .ARM.Collect$$libshutdown$$0000000C  c_w.l(libshutdown2.o)
    0x08000166   0x08000166   0x00000000   Code   RO         5351    .ARM.Collect$$libshutdown$$0000000E  c_w.l(libshutdown2.o)
    0x08000166   0x08000166   0x00000000   Code   RO         5354    .ARM.Collect$$libshutdown$$00000011  c_w.l(libshutdown2.o)
    0x08000166   0x08000166   0x00000002   Code   RO         5355    .ARM.Collect$$libshutdown$$00000012  c_w.l(libshutdown2.o)
    0x08000168   0x08000168   0x00000000   Code   RO         5218    .ARM.Collect$$rtentry$$00000000  c_w.l(__rtentry.o)
    0x08000168   0x08000168   0x00000000   Code   RO         5233    .ARM.Collect$$rtentry$$00000002  c_w.l(__rtentry2.o)
    0x08000168   0x08000168   0x00000006   Code   RO         5245    .ARM.Collect$$rtentry$$00000004  c_w.l(__rtentry4.o)
    0x0800016e   0x0800016e   0x00000000   Code   RO         5235    .ARM.Collect$$rtentry$$00000009  c_w.l(__rtentry2.o)
    0x0800016e   0x0800016e   0x00000004   Code   RO         5236    .ARM.Collect$$rtentry$$0000000A  c_w.l(__rtentry2.o)
    0x08000172   0x08000172   0x00000000   Code   RO         5238    .ARM.Collect$$rtentry$$0000000C  c_w.l(__rtentry2.o)
    0x08000172   0x08000172   0x00000008   Code   RO         5239    .ARM.Collect$$rtentry$$0000000D  c_w.l(__rtentry2.o)
    0x0800017a   0x0800017a   0x00000002   Code   RO         5260    .ARM.Collect$$rtexit$$00000000  c_w.l(rtexit.o)
    0x0800017c   0x0800017c   0x00000000   Code   RO         5308    .ARM.Collect$$rtexit$$00000002  c_w.l(rtexit2.o)
    0x0800017c   0x0800017c   0x00000004   Code   RO         5309    .ARM.Collect$$rtexit$$00000003  c_w.l(rtexit2.o)
    0x08000180   0x08000180   0x00000006   Code   RO         5310    .ARM.Collect$$rtexit$$00000004  c_w.l(rtexit2.o)
    0x08000186   0x08000186   0x00000002   PAD
    0x08000188   0x08000188   0x00000096   Code   RO         5077    .emb_text           port.o
    0x0800021e   0x0800021e   0x00000002   PAD
    0x08000220   0x08000220   0x00000040   Code   RO            4    .text               startup_stm32f103xb.o
    0x08000260   0x08000260   0x0000008a   Code   RO         5158    .text               c_w.l(rt_memcpy_v6.o)
    0x080002ea   0x080002ea   0x00000064   Code   RO         5160    .text               c_w.l(rt_memcpy_w.o)
    0x0800034e   0x0800034e   0x0000004e   Code   RO         5164    .text               c_w.l(rt_memclr_w.o)
    0x0800039c   0x0800039c   0x00000006   Code   RO         5166    .text               c_w.l(heapauxi.o)
    0x080003a2   0x080003a2   0x0000004a   Code   RO         5247    .text               c_w.l(sys_stackheap_outer.o)
    0x080003ec   0x080003ec   0x00000012   Code   RO         5249    .text               c_w.l(exit.o)
    0x080003fe   0x080003fe   0x00000002   PAD
    0x08000400   0x08000400   0x00000008   Code   RO         5257    .text               c_w.l(libspace.o)
    0x08000408   0x08000408   0x0000000c   Code   RO         5318    .text               c_w.l(sys_exit.o)
    0x08000414   0x08000414   0x00000002   Code   RO         5329    .text               c_w.l(use_no_semi.o)
    0x08000416   0x08000416   0x00000000   Code   RO         5331    .text               c_w.l(indicate_semi.o)
    0x08000416   0x08000416   0x00000002   PAD
    0x08000418   0x08000418   0x0000000c   Code   RO          759    i.ADC1_2_IRQHandler  stm32f1xx_it.o
    0x08000424   0x08000424   0x00000056   Code   RO          952    i.ADC_ConversionStop_Disable  stm32f1xx_hal_adc.o
    0x0800047a   0x0800047a   0x0000004e   Code   RO          953    i.ADC_DMAConvCplt   stm32f1xx_hal_adc.o
    0x080004c8   0x080004c8   0x0000001a   Code   RO          954    i.ADC_DMAError      stm32f1xx_hal_adc.o
    0x080004e2   0x080004e2   0x0000000a   Code   RO          955    i.ADC_DMAHalfConvCplt  stm32f1xx_hal_adc.o
    0x080004ec   0x080004ec   0x0000007c   Code   RO          956    i.ADC_Enable        stm32f1xx_hal_adc.o
    0x08000568   0x08000568   0x00000002   Code   RO          760    i.BusFault_Handler  stm32f1xx_it.o
    0x0800056a   0x0800056a   0x00000002   PAD
    0x0800056c   0x0800056c   0x0000000c   Code   RO          761    i.DMA1_Channel1_IRQHandler  stm32f1xx_it.o
    0x08000578   0x08000578   0x0000000c   Code   RO          762    i.DMA1_Channel4_IRQHandler  stm32f1xx_it.o
    0x08000584   0x08000584   0x0000002a   Code   RO         1606    i.DMA_SetConfig     stm32f1xx_hal_dma.o
    0x080005ae   0x080005ae   0x00000002   Code   RO          763    i.DebugMon_Handler  stm32f1xx_it.o
    0x080005b0   0x080005b0   0x00000004   Code   RO          448    i.Error_Handler     main.o
    0x080005b4   0x080005b4   0x00000002   Code   RO         1134    i.HAL_ADCEx_InjectedConvCpltCallback  stm32f1xx_hal_adc_ex.o
    0x080005b6   0x080005b6   0x00000002   PAD
    0x080005b8   0x080005b8   0x000000fc   Code   RO          958    i.HAL_ADC_ConfigChannel  stm32f1xx_hal_adc.o
    0x080006b4   0x080006b4   0x00000002   Code   RO          959    i.HAL_ADC_ConvCpltCallback  stm32f1xx_hal_adc.o
    0x080006b6   0x080006b6   0x00000002   Code   RO          960    i.HAL_ADC_ConvHalfCpltCallback  stm32f1xx_hal_adc.o
    0x080006b8   0x080006b8   0x00000002   Code   RO          962    i.HAL_ADC_ErrorCallback  stm32f1xx_hal_adc.o
    0x080006ba   0x080006ba   0x000000e6   Code   RO          966    i.HAL_ADC_IRQHandler  stm32f1xx_hal_adc.o
    0x080007a0   0x080007a0   0x0000011c   Code   RO          967    i.HAL_ADC_Init      stm32f1xx_hal_adc.o
    0x080008bc   0x080008bc   0x00000002   Code   RO          968    i.HAL_ADC_LevelOutOfWindowCallback  stm32f1xx_hal_adc.o
    0x080008be   0x080008be   0x00000002   PAD
    0x080008c0   0x080008c0   0x000000a0   Code   RO          568    i.HAL_ADC_MspInit   adc.o
    0x08000960   0x08000960   0x0000010c   Code   RO          974    i.HAL_ADC_Start_DMA  stm32f1xx_hal_adc.o
    0x08000a6c   0x08000a6c   0x00000046   Code   RO         1607    i.HAL_DMA_Abort     stm32f1xx_hal_dma.o
    0x08000ab2   0x08000ab2   0x00000002   PAD
    0x08000ab4   0x08000ab4   0x00000098   Code   RO         1608    i.HAL_DMA_Abort_IT  stm32f1xx_hal_dma.o
    0x08000b4c   0x08000b4c   0x00000154   Code   RO         1612    i.HAL_DMA_IRQHandler  stm32f1xx_hal_dma.o
    0x08000ca0   0x08000ca0   0x0000005c   Code   RO         1613    i.HAL_DMA_Init      stm32f1xx_hal_dma.o
    0x08000cfc   0x08000cfc   0x00000070   Code   RO         1617    i.HAL_DMA_Start_IT  stm32f1xx_hal_dma.o
    0x08000d6c   0x08000d6c   0x00000024   Code   RO         1235    i.HAL_Delay         stm32f1xx_hal.o
    0x08000d90   0x08000d90   0x000001e0   Code   RO         1543    i.HAL_GPIO_Init     stm32f1xx_hal_gpio.o
    0x08000f70   0x08000f70   0x0000000a   Code   RO         1545    i.HAL_GPIO_ReadPin  stm32f1xx_hal_gpio.o
    0x08000f7a   0x08000f7a   0x0000000a   Code   RO         1547    i.HAL_GPIO_WritePin  stm32f1xx_hal_gpio.o
    0x08000f84   0x08000f84   0x0000000c   Code   RO         1239    i.HAL_GetTick       stm32f1xx_hal.o
    0x08000f90   0x08000f90   0x00000010   Code   RO         1245    i.HAL_IncTick       stm32f1xx_hal.o
    0x08000fa0   0x08000fa0   0x00000024   Code   RO         1246    i.HAL_Init          stm32f1xx_hal.o
    0x08000fc4   0x08000fc4   0x00000074   Code   RO          877    i.HAL_InitTick      stm32f1xx_hal_timebase_tim.o
    0x08001038   0x08001038   0x00000048   Code   RO          853    i.HAL_MspInit       stm32f1xx_hal_msp.o
    0x08001080   0x08001080   0x0000001a   Code   RO         1703    i.HAL_NVIC_EnableIRQ  stm32f1xx_hal_cortex.o
    0x0800109a   0x0800109a   0x00000002   PAD
    0x0800109c   0x0800109c   0x00000040   Code   RO         1709    i.HAL_NVIC_SetPriority  stm32f1xx_hal_cortex.o
    0x080010dc   0x080010dc   0x00000024   Code   RO         1710    i.HAL_NVIC_SetPriorityGrouping  stm32f1xx_hal_cortex.o
    0x08001100   0x08001100   0x000000ec   Code   RO         1506    i.HAL_RCCEx_PeriphCLKConfig  stm32f1xx_hal_rcc_ex.o
    0x080011ec   0x080011ec   0x0000012c   Code   RO         1403    i.HAL_RCC_ClockConfig  stm32f1xx_hal_rcc.o
    0x08001318   0x08001318   0x00000040   Code   RO         1407    i.HAL_RCC_GetClockConfig  stm32f1xx_hal_rcc.o
    0x08001358   0x08001358   0x00000020   Code   RO         1410    i.HAL_RCC_GetPCLK1Freq  stm32f1xx_hal_rcc.o
    0x08001378   0x08001378   0x00000020   Code   RO         1411    i.HAL_RCC_GetPCLK2Freq  stm32f1xx_hal_rcc.o
    0x08001398   0x08001398   0x0000006c   Code   RO         1412    i.HAL_RCC_GetSysClockFreq  stm32f1xx_hal_rcc.o
    0x08001404   0x08001404   0x00000320   Code   RO         1415    i.HAL_RCC_OscConfig  stm32f1xx_hal_rcc.o
    0x08001724   0x08001724   0x000000b2   Code   RO         2214    i.HAL_SPI_Init      stm32f1xx_hal_spi.o
    0x080017d6   0x080017d6   0x00000002   PAD
    0x080017d8   0x080017d8   0x00000074   Code   RO          634    i.HAL_SPI_MspInit   spi.o
    0x0800184c   0x0800184c   0x00000166   Code   RO         2222    i.HAL_SPI_Transmit  stm32f1xx_hal_spi.o
    0x080019b2   0x080019b2   0x00000002   Code   RO         3231    i.HAL_TIMEx_BreakCallback  stm32f1xx_hal_tim_ex.o
    0x080019b4   0x080019b4   0x00000002   Code   RO         3232    i.HAL_TIMEx_CommutCallback  stm32f1xx_hal_tim_ex.o
    0x080019b6   0x080019b6   0x00000002   PAD
    0x080019b8   0x080019b8   0x00000068   Code   RO         3250    i.HAL_TIMEx_MasterConfigSynchronization  stm32f1xx_hal_tim_ex.o
    0x08001a20   0x08001a20   0x0000005a   Code   RO         2527    i.HAL_TIM_Base_Init  stm32f1xx_hal_tim.o
    0x08001a7a   0x08001a7a   0x00000002   PAD
    0x08001a7c   0x08001a7c   0x00000038   Code   RO          676    i.HAL_TIM_Base_MspInit  tim.o
    0x08001ab4   0x08001ab4   0x00000058   Code   RO         2532    i.HAL_TIM_Base_Start_IT  stm32f1xx_hal_tim.o
    0x08001b0c   0x08001b0c   0x000000d6   Code   RO         2536    i.HAL_TIM_ConfigClockSource  stm32f1xx_hal_tim.o
    0x08001be2   0x08001be2   0x00000002   Code   RO         2561    i.HAL_TIM_IC_CaptureCallback  stm32f1xx_hal_tim.o
    0x08001be4   0x08001be4   0x00000166   Code   RO         2575    i.HAL_TIM_IRQHandler  stm32f1xx_hal_tim.o
    0x08001d4a   0x08001d4a   0x00000002   Code   RO         2578    i.HAL_TIM_OC_DelayElapsedCallback  stm32f1xx_hal_tim.o
    0x08001d4c   0x08001d4c   0x00000002   Code   RO         2605    i.HAL_TIM_PWM_PulseFinishedCallback  stm32f1xx_hal_tim.o
    0x08001d4e   0x08001d4e   0x00000002   PAD
    0x08001d50   0x08001d50   0x0000005c   Code   RO          380    i.HAL_TIM_PeriodElapsedCallback  app.o
    0x08001dac   0x08001dac   0x00000002   Code   RO         2618    i.HAL_TIM_TriggerCallback  stm32f1xx_hal_tim.o
    0x08001dae   0x08001dae   0x00000002   Code   RO         3509    i.HAL_UARTEx_RxEventCallback  stm32f1xx_hal_uart.o
    0x08001db0   0x08001db0   0x00000002   Code   RO         3523    i.HAL_UART_ErrorCallback  stm32f1xx_hal_uart.o
    0x08001db2   0x08001db2   0x00000002   PAD
    0x08001db4   0x08001db4   0x0000020c   Code   RO         3526    i.HAL_UART_IRQHandler  stm32f1xx_hal_uart.o
    0x08001fc0   0x08001fc0   0x00000062   Code   RO         3527    i.HAL_UART_Init     stm32f1xx_hal_uart.o
    0x08002022   0x08002022   0x00000002   PAD
    0x08002024   0x08002024   0x000000b0   Code   RO          718    i.HAL_UART_MspInit  usart.o
    0x080020d4   0x080020d4   0x00000002   Code   RO         3533    i.HAL_UART_RxCpltCallback  stm32f1xx_hal_uart.o
    0x080020d6   0x080020d6   0x00000002   PAD
    0x080020d8   0x080020d8   0x00000080   Code   RO         3536    i.HAL_UART_Transmit_DMA  stm32f1xx_hal_uart.o
    0x08002158   0x08002158   0x00000002   Code   RO         3538    i.HAL_UART_TxCpltCallback  stm32f1xx_hal_uart.o
    0x0800215a   0x0800215a   0x00000002   Code   RO         3539    i.HAL_UART_TxHalfCpltCallback  stm32f1xx_hal_uart.o
    0x0800215c   0x0800215c   0x00000002   Code   RO          764    i.HardFault_Handler  stm32f1xx_it.o
    0x0800215e   0x0800215e   0x00000028   Code   RO           13    i.LCD_Clear         st7735.o
    0x08002186   0x08002186   0x00000002   PAD
    0x08002188   0x08002188   0x0000022c   Code   RO           14    i.LCD_Init          st7735.o
    0x080023b4   0x080023b4   0x00000020   Code   RO           15    i.LCD_Write_Bus     st7735.o
    0x080023d4   0x080023d4   0x00000054   Code   RO           16    i.LCD_Write_Data16  st7735.o
    0x08002428   0x08002428   0x0000003c   Code   RO           17    i.LCD_Write_Data8   st7735.o
    0x08002464   0x08002464   0x0000003c   Code   RO           18    i.LCD_Write_Reg     st7735.o
    0x080024a0   0x080024a0   0x00000052   Code   RO           19    i.LCD_Zone_Set      st7735.o
    0x080024f2   0x080024f2   0x00000002   PAD
    0x080024f4   0x080024f4   0x0000005c   Code   RO           22    i.LCD_showchar      st7735.o
    0x08002550   0x08002550   0x0000009c   Code   RO           23    i.LCD_showfloat     st7735.o
    0x080025ec   0x080025ec   0x00000028   Code   RO           27    i.LCD_showstr       st7735.o
    0x08002614   0x08002614   0x0000004c   Code   RO           29    i.LCD_showuint8     st7735.o
    0x08002660   0x08002660   0x00000090   Code   RO          569    i.MX_ADC1_Init      adc.o
    0x080026f0   0x080026f0   0x0000003c   Code   RO          609    i.MX_DMA_Init       dma.o
    0x0800272c   0x0800272c   0x00000040   Code   RO          511    i.MX_FREERTOS_Init  freertos.o
    0x0800276c   0x0800276c   0x000000a0   Code   RO          487    i.MX_GPIO_Init      gpio.o
    0x0800280c   0x0800280c   0x00000044   Code   RO          635    i.MX_SPI2_Init      spi.o
    0x08002850   0x08002850   0x00000068   Code   RO          677    i.MX_TIM2_Init      tim.o
    0x080028b8   0x080028b8   0x00000038   Code   RO          719    i.MX_USART1_UART_Init  usart.o
    0x080028f0   0x080028f0   0x00000002   Code   RO          765    i.MemManage_Handler  stm32f1xx_it.o
    0x080028f2   0x080028f2   0x00000002   Code   RO          766    i.NMI_Handler       stm32f1xx_it.o
    0x080028f4   0x080028f4   0x00000020   Code   RO         2252    i.SPI_EndRxTxTransaction  stm32f1xx_hal_spi.o
    0x08002914   0x08002914   0x000000b8   Code   RO         2257    i.SPI_WaitFlagStateUntilTimeout  stm32f1xx_hal_spi.o
    0x080029cc   0x080029cc   0x0000001c   Code   RO          512    i.StartTask01       freertos.o
    0x080029e8   0x080029e8   0x0000000c   Code   RO          513    i.StartTask02       freertos.o
    0x080029f4   0x080029f4   0x0000002c   Code   RO         5078    i.SysTick_Handler   port.o
    0x08002a20   0x08002a20   0x00000078   Code   RO          449    i.SystemClock_Config  main.o
    0x08002a98   0x08002a98   0x00000002   Code   RO         3856    i.SystemInit        system_stm32f1xx.o
    0x08002a9a   0x08002a9a   0x00000002   PAD
    0x08002a9c   0x08002a9c   0x0000000c   Code   RO          767    i.TIM2_IRQHandler   stm32f1xx_it.o
    0x08002aa8   0x08002aa8   0x0000000c   Code   RO          768    i.TIM4_IRQHandler   stm32f1xx_it.o
    0x08002ab4   0x08002ab4   0x0000006c   Code   RO         2620    i.TIM_Base_SetConfig  stm32f1xx_hal_tim.o
    0x08002b20   0x08002b20   0x00000014   Code   RO         2631    i.TIM_ETR_SetConfig  stm32f1xx_hal_tim.o
    0x08002b34   0x08002b34   0x00000010   Code   RO         2632    i.TIM_ITRx_SetConfig  stm32f1xx_hal_tim.o
    0x08002b44   0x08002b44   0x00000022   Code   RO         2638    i.TIM_TI1_ConfigInputStage  stm32f1xx_hal_tim.o
    0x08002b66   0x08002b66   0x00000024   Code   RO         2640    i.TIM_TI2_ConfigInputStage  stm32f1xx_hal_tim.o
    0x08002b8a   0x08002b8a   0x00000010   Code   RO         3540    i.UART_DMAAbortOnError  stm32f1xx_hal_uart.o
    0x08002b9a   0x08002b9a   0x0000004a   Code   RO         3541    i.UART_DMAError     stm32f1xx_hal_uart.o
    0x08002be4   0x08002be4   0x0000002e   Code   RO         3546    i.UART_DMATransmitCplt  stm32f1xx_hal_uart.o
    0x08002c12   0x08002c12   0x0000000a   Code   RO         3548    i.UART_DMATxHalfCplt  stm32f1xx_hal_uart.o
    0x08002c1c   0x08002c1c   0x00000030   Code   RO         3550    i.UART_EndRxTransfer  stm32f1xx_hal_uart.o
    0x08002c4c   0x08002c4c   0x00000012   Code   RO         3551    i.UART_EndTxTransfer  stm32f1xx_hal_uart.o
    0x08002c5e   0x08002c5e   0x000000b6   Code   RO         3552    i.UART_Receive_IT   stm32f1xx_hal_uart.o
    0x08002d14   0x08002d14   0x000000b8   Code   RO         3553    i.UART_SetConfig    stm32f1xx_hal_uart.o
    0x08002dcc   0x08002dcc   0x0000000c   Code   RO          769    i.USART1_IRQHandler  stm32f1xx_it.o
    0x08002dd8   0x08002dd8   0x00000002   Code   RO          770    i.UsageFault_Handler  stm32f1xx_it.o
    0x08002dda   0x08002dda   0x00000020   Code   RO         1716    i.__NVIC_SetPriority  stm32f1xx_hal_cortex.o
    0x08002dfa   0x08002dfa   0x00000002   PAD
    0x08002dfc   0x08002dfc   0x00000058   Code   RO          280    i.code              my_serial.o
    0x08002e54   0x08002e54   0x00000118   Code   RO          381    i.display           app.o
    0x08002f6c   0x08002f6c   0x00000030   Code   RO          281    i.getCrc8           my_serial.o
    0x08002f9c   0x08002f9c   0x00000134   Code   RO          382    i.joy_decode        app.o
    0x080030d0   0x080030d0   0x00000058   Code   RO          383    i.key_processing    app.o
    0x08003128   0x08003128   0x00000084   Code   RO          384    i.key_row_scan      app.o
    0x080031ac   0x080031ac   0x000000d8   Code   RO          385    i.key_scan          app.o
    0x08003284   0x08003284   0x0000002a   Code   RO          450    i.main              main.o
    0x080032ae   0x080032ae   0x0000000c   Code   RO         4649    i.makeFreeRtosPriority  cmsis_os.o
    0x080032ba   0x080032ba   0x0000004e   Code   RO          247    i.number_conversion_ascii  printf.o
    0x08003308   0x08003308   0x0000000a   Code   RO         4654    i.osKernelStart     cmsis_os.o
    0x08003312   0x08003312   0x00000054   Code   RO         4688    i.osThreadCreate    cmsis_os.o
    0x08003366   0x08003366   0x0000001e   Code   RO          248    i.printf_reverse_order  printf.o
    0x08003384   0x08003384   0x00000070   Code   RO         4346    i.prvAddCurrentTaskToDelayedList  tasks.o
    0x080033f4   0x080033f4   0x000000d0   Code   RO         4347    i.prvAddNewTaskToReadyList  tasks.o
    0x080034c4   0x080034c4   0x00000034   Code   RO         4348    i.prvDeleteTCB      tasks.o
    0x080034f8   0x080034f8   0x0000004c   Code   RO         5016    i.prvHeapInit       heap_4.o
    0x08003544   0x08003544   0x00000060   Code   RO         4349    i.prvIdleTask       tasks.o
    0x080035a4   0x080035a4   0x0000008e   Code   RO         4350    i.prvInitialiseNewTask  tasks.o
    0x08003632   0x08003632   0x00000002   PAD
    0x08003634   0x08003634   0x0000004c   Code   RO         5017    i.prvInsertBlockIntoFreeList  heap_4.o
    0x08003680   0x08003680   0x00000020   Code   RO         4351    i.prvResetNextTaskUnblockTime  tasks.o
    0x080036a0   0x080036a0   0x00000028   Code   RO         5079    i.prvTaskExitError  port.o
    0x080036c8   0x080036c8   0x000000d8   Code   RO         5018    i.pvPortMalloc      heap_4.o
    0x080037a0   0x080037a0   0x00000024   Code   RO         5080    i.pxPortInitialiseStack  port.o
    0x080037c4   0x080037c4   0x00000058   Code   RO          282    i.start_init        my_serial.o
    0x0800381c   0x0800381c   0x00000026   Code   RO         3994    i.uxListRemove      list.o
    0x08003842   0x08003842   0x00000002   PAD
    0x08003844   0x08003844   0x00000014   Code   RO          514    i.vApplicationGetIdleTaskMemory  freertos.o
    0x08003858   0x08003858   0x00000016   Code   RO         3995    i.vListInitialise   list.o
    0x0800386e   0x0800386e   0x00000006   Code   RO         3996    i.vListInitialiseItem  list.o
    0x08003874   0x08003874   0x00000030   Code   RO         3997    i.vListInsert       list.o
    0x080038a4   0x080038a4   0x00000018   Code   RO         3998    i.vListInsertEnd    list.o
    0x080038bc   0x080038bc   0x00000040   Code   RO         5082    i.vPortEnterCritical  port.o
    0x080038fc   0x080038fc   0x00000028   Code   RO         5083    i.vPortExitCritical  port.o
    0x08003924   0x08003924   0x0000005c   Code   RO         5019    i.vPortFree         heap_4.o
    0x08003980   0x08003980   0x00000024   Code   RO         5084    i.vPortSetupTimerInterrupt  port.o
    0x080039a4   0x080039a4   0x0000004c   Code   RO         4359    i.vTaskDelay        tasks.o
    0x080039f0   0x080039f0   0x0000006c   Code   RO         4372    i.vTaskStartScheduler  tasks.o
    0x08003a5c   0x08003a5c   0x00000010   Code   RO         4374    i.vTaskSuspendAll   tasks.o
    0x08003a6c   0x08003a6c   0x0000005c   Code   RO         4375    i.vTaskSwitchContext  tasks.o
    0x08003ac8   0x08003ac8   0x000000a8   Code   RO         5086    i.xPortStartScheduler  port.o
    0x08003b70   0x08003b70   0x0000005a   Code   RO         4377    i.xTaskCreate       tasks.o
    0x08003bca   0x08003bca   0x00000056   Code   RO         4378    i.xTaskCreateStatic  tasks.o
    0x08003c20   0x08003c20   0x000000c8   Code   RO         4385    i.xTaskIncrementTick  tasks.o
    0x08003ce8   0x08003ce8   0x000000c4   Code   RO         4391    i.xTaskResumeAll    tasks.o
    0x08003dac   0x08003dac   0x00000200   Code   RO          249    i.zf_sprintf        printf.o
    0x08003fac   0x08003fac   0x00000150   Code   RO         5170    x$fpl$dadd          fz_ws.l(daddsub_clz.o)
    0x080040fc   0x080040fc   0x00000018   Code   RO         5221    x$fpl$dcmpinf       fz_ws.l(dcmpi.o)
    0x08004114   0x08004114   0x00000078   Code   RO         5176    x$fpl$deqf          fz_ws.l(deqf.o)
    0x0800418c   0x0800418c   0x0000005e   Code   RO         5178    x$fpl$dfix          fz_ws.l(dfix.o)
    0x080041ea   0x080041ea   0x0000002e   Code   RO         5183    x$fpl$dflt          fz_ws.l(dflt_clz.o)
    0x08004218   0x08004218   0x00000078   Code   RO         5188    x$fpl$dleqf         fz_ws.l(dleqf.o)
    0x08004290   0x08004290   0x00000154   Code   RO         5190    x$fpl$dmul          fz_ws.l(dmul.o)
    0x080043e4   0x080043e4   0x0000009c   Code   RO         5223    x$fpl$dnaninf       fz_ws.l(dnaninf.o)
    0x08004480   0x08004480   0x0000000c   Code   RO         5225    x$fpl$dretinf       fz_ws.l(dretinf.o)
    0x0800448c   0x0800448c   0x0000006c   Code   RO         5192    x$fpl$drleqf        fz_ws.l(drleqf.o)
    0x080044f8   0x080044f8   0x00000016   Code   RO         5171    x$fpl$drsb          fz_ws.l(daddsub_clz.o)
    0x0800450e   0x0800450e   0x00000002   PAD
    0x08004510   0x08004510   0x000001d4   Code   RO         5172    x$fpl$dsub          fz_ws.l(daddsub_clz.o)
    0x080046e4   0x080046e4   0x00000056   Code   RO         5194    x$fpl$f2d           fz_ws.l(f2d.o)
    0x0800473a   0x0800473a   0x00000002   PAD
    0x0800473c   0x0800473c   0x000000c4   Code   RO         5196    x$fpl$fadd          fz_ws.l(faddsub_clz.o)
    0x08004800   0x08004800   0x00000184   Code   RO         5203    x$fpl$fdiv          fz_ws.l(fdiv.o)
    0x08004984   0x08004984   0x0000003e   Code   RO         5206    x$fpl$ffixu         fz_ws.l(ffixu.o)
    0x080049c2   0x080049c2   0x00000002   PAD
    0x080049c4   0x080049c4   0x00000026   Code   RO         5210    x$fpl$ffltu         fz_ws.l(fflt_clz.o)
    0x080049ea   0x080049ea   0x00000002   PAD
    0x080049ec   0x080049ec   0x00000102   Code   RO         5216    x$fpl$fmul          fz_ws.l(fmul.o)
    0x08004aee   0x08004aee   0x0000008c   Code   RO         5227    x$fpl$fnaninf       fz_ws.l(fnaninf.o)
    0x08004b7a   0x08004b7a   0x0000000a   Code   RO         5229    x$fpl$fretinf       fz_ws.l(fretinf.o)
    0x08004b84   0x08004b84   0x000000ea   Code   RO         5198    x$fpl$fsub          fz_ws.l(faddsub_clz.o)
    0x08004c6e   0x08004c6e   0x00000000   Code   RO         5231    x$fpl$usenofp       fz_ws.l(usenofp.o)
    0x08004c6e   0x08004c6e   0x000005f0   Data   RO           30    .constdata          st7735.o
    0x0800525e   0x0800525e   0x00000002   PAD
    0x08005260   0x08005260   0x00000038   Data   RO          516    .constdata          freertos.o
    0x08005298   0x08005298   0x00000010   Data   RO         3857    .constdata          system_stm32f1xx.o
    0x080052a8   0x080052a8   0x00000008   Data   RO         3858    .constdata          system_stm32f1xx.o
    0x080052b0   0x080052b0   0x0000000e   Data   RO          517    .conststring        freertos.o
    0x080052be   0x080052be   0x00000002   PAD
    0x080052c0   0x080052c0   0x00000020   Data   RO         5386    Region$$Table       anon$$obj.o


    Execution Region RW_IRAM1 (Exec base: 0x20000000, Load base: 0x080052e0, Size: 0x00001a20, Max: 0x00005000, ABSOLUTE)

    Exec Addr    Load Addr    Size         Type   Attr      Idx    E Section Name        Object

    0x20000000   0x080052e0   0x00000004   Data   RW           32    .data               st7735.o
    0x20000004   0x080052e4   0x00000006   Data   RW          387    .data               app.o
    0x2000000a   0x080052ea   0x00000002   PAD
    0x2000000c   0x080052ec   0x00000008   Data   RW          518    .data               freertos.o
    0x20000014   0x080052f4   0x0000000c   Data   RW         1253    .data               stm32f1xx_hal.o
    0x20000020   0x08005300   0x00000004   Data   RW         3859    .data               system_stm32f1xx.o
    0x20000024   0x08005304   0x0000003c   Data   RW         4394    .data               tasks.o
    0x20000060   0x08005340   0x00000018   Data   RW         5024    .data               heap_4.o
    0x20000078   0x08005358   0x0000000c   Data   RW         5087    .data               port.o
    0x20000084        -       0x0000000d   Zero   RW          283    .bss                my_serial.o
    0x20000091   0x08005364   0x00000003   PAD
    0x20000094        -       0x00000200   Zero   RW          386    .bss                app.o
    0x20000294        -       0x00000254   Zero   RW          515    .bss                freertos.o
    0x200004e8        -       0x00000074   Zero   RW          570    .bss                adc.o
    0x2000055c        -       0x00000058   Zero   RW          636    .bss                spi.o
    0x200005b4        -       0x00000048   Zero   RW          678    .bss                tim.o
    0x200005fc        -       0x00000088   Zero   RW          720    .bss                usart.o
    0x20000684        -       0x00000048   Zero   RW          880    .bss                stm32f1xx_hal_timebase_tim.o
    0x200006cc        -       0x000000f0   Zero   RW         4393    .bss                tasks.o
    0x200007bc        -       0x00000c00   Zero   RW         5023    .bss                heap_4.o
    0x200013bc        -       0x00000060   Zero   RW         5258    .bss                c_w.l(libspace.o)
    0x2000141c   0x08005364   0x00000004   PAD
    0x20001420        -       0x00000200   Zero   RW            2    HEAP                startup_stm32f103xb.o
    0x20001620        -       0x00000400   Zero   RW            1    STACK               startup_stm32f103xb.o


==============================================================================

Image component sizes


      Code (inc. data)   RO Data    RW Data    ZI Data      Debug   Object Name

       304         32          0          0        116       1895   adc.o
      1116        154          0          6        512       9378   app.o
       106          0          0          0          0      21795   cmsis_os.o
        60          4          0          0          0        874   dma.o
         0          0          0          0          0      18120   event_groups.o
       124         18         70          8        596       3105   freertos.o
       160         12          0          0          0       1043   gpio.o
       460         24          0         24       3072       7287   heap_4.o
       138          0          0          0          0       3470   list.o
       166          0          0          0          0       2176   main.o
       224         36          0          0         13      29416   my_serial.o
       578         60          0         12          0      10360   port.o
       620          4          0          0          0       4478   printf.o
       184         22          0          0         88       1741   spi.o
      1278         52       1520          4          0     462638   st7735.o
        64         26        236          0       1536        800   startup_stm32f103xb.o
       100         18          0         12          0       5306   stm32f1xx_hal.o
      1366         56          0          0          0       9822   stm32f1xx_hal_adc.o
         2          0          0          0          0       1165   stm32f1xx_hal_adc_ex.o
       158         14          0          0          0      28142   stm32f1xx_hal_cortex.o
       808         36          0          0          0       5050   stm32f1xx_hal_dma.o
       500         34          0          0          0       3611   stm32f1xx_hal_gpio.o
        72         10          0          0          0        974   stm32f1xx_hal_msp.o
      1336        110          0          0          0       5881   stm32f1xx_hal_rcc.o
       236         12          0          0          0       1488   stm32f1xx_hal_rcc_ex.o
       752          4          0          0          0       4478   stm32f1xx_hal_spi.o
       972         26          0          0          0       9669   stm32f1xx_hal_tim.o
       108         12          0          0          0       2461   stm32f1xx_hal_tim_ex.o
       116         16          0          0         72       1523   stm32f1xx_hal_timebase_tim.o
      1338         24          0          0          0      11154   stm32f1xx_hal_uart.o
        84         36          0          0          0       5115   stm32f1xx_it.o
         2          0         24          4          0       1219   system_stm32f1xx.o
      1506        110          0         60        240      16098   tasks.o
       160         12          0          0         72       1750   tim.o
       232         28          0          0        136       1873   usart.o

    ----------------------------------------------------------------------
     15468       1002       1886        132       6456     695355   Object Totals
         0          0         32          0          0          0   (incl. Generated)
        38          0          4          2          3          0   (incl. Padding)

    ----------------------------------------------------------------------

      Code (inc. data)   RO Data    RW Data    ZI Data      Debug   Library Member Name

         8          0          0          0          0         68   __main.o
         0          0          0          0          0          0   __rtentry.o
        12          0          0          0          0          0   __rtentry2.o
         6          0          0          0          0          0   __rtentry4.o
        52          8          0          0          0          0   __scatter.o
        26          0          0          0          0          0   __scatter_copy.o
        28          0          0          0          0          0   __scatter_zi.o
        18          0          0          0          0         80   exit.o
         6          0          0          0          0        152   heapauxi.o
         0          0          0          0          0          0   indicate_semi.o
         2          0          0          0          0          0   libinit.o
         2          0          0          0          0          0   libinit2.o
         2          0          0          0          0          0   libshutdown.o
         2          0          0          0          0          0   libshutdown2.o
         8          4          0          0         96         68   libspace.o
        78          0          0          0          0         80   rt_memclr_w.o
       138          0          0          0          0         68   rt_memcpy_v6.o
       100          0          0          0          0         80   rt_memcpy_w.o
         2          0          0          0          0          0   rtexit.o
        10          0          0          0          0          0   rtexit2.o
        12          4          0          0          0         68   sys_exit.o
        74          0          0          0          0         80   sys_stackheap_outer.o
         2          0          0          0          0         68   use_no_semi.o
       826         16          0          0          0        348   daddsub_clz.o
        24          0          0          0          0         68   dcmpi.o
       120          4          0          0          0         92   deqf.o
        94          4          0          0          0         92   dfix.o
        46          0          0          0          0         68   dflt_clz.o
       120          4          0          0          0         92   dleqf.o
       340         12          0          0          0        104   dmul.o
       156          4          0          0          0         92   dnaninf.o
        12          0          0          0          0         68   dretinf.o
       108          0          0          0          0         80   drleqf.o
        86          4          0          0          0         84   f2d.o
       430          8          0          0          0        168   faddsub_clz.o
       388         76          0          0          0         96   fdiv.o
        62          4          0          0          0         84   ffixu.o
        38          0          0          0          0         68   fflt_clz.o
       258          4          0          0          0         84   fmul.o
       140          4          0          0          0         84   fnaninf.o
        10          0          0          0          0         68   fretinf.o
         0          0          0          0          0          0   usenofp.o

    ----------------------------------------------------------------------
      3862        160          0          0        100       2652   Library Totals
        16          0          0          0          4          0   (incl. Padding)

    ----------------------------------------------------------------------

      Code (inc. data)   RO Data    RW Data    ZI Data      Debug   Library Name

       588         16          0          0         96        812   c_w.l
      3258        144          0          0          0       1840   fz_ws.l

    ----------------------------------------------------------------------
      3862        160          0          0        100       2652   Library Totals

    ----------------------------------------------------------------------

==============================================================================


      Code (inc. data)   RO Data    RW Data    ZI Data      Debug   

     19330       1162       1886        132       6556     688331   Grand Totals
     19330       1162       1886        132       6556     688331   ELF Image Totals
     19330       1162       1886        132          0          0   ROM Totals

==============================================================================

    Total RO  Size (Code + RO Data)                21216 (  20.72kB)
    Total RW  Size (RW Data + ZI Data)              6688 (   6.53kB)
    Total ROM Size (Code + RO Data + RW Data)      21348 (  20.85kB)

==============================================================================

