<html>
<body>
<pre>
<h1>µVision Build Log</h1>
<h2>Tool Versions:</h2>
IDE-Version: ¦ÌVision V5.34.0.0
Copyright (C) 2021 ARM Ltd and ARM Germany GmbH. All rights reserved.
License Information: zhuzhengming Zz, hit, LIC=50D7S-L1KSW-06EQU-SV1FA-P31TK-5SMBQ
 
Tool Versions:
Toolchain:       MDK-ARM Professional  Version: 5.34.0.0
Toolchain Path:  C:\Keil_v5\ARM\ARMCC\Bin
C Compiler:      Armcc.exe V5.06 update 7 (build 960)
Assembler:       Armasm.exe V5.06 update 7 (build 960)
Linker/Locator:  ArmLink.exe V5.06 update 7 (build 960)
Library Manager: ArmAr.exe V5.06 update 7 (build 960)
Hex Converter:   FromElf.exe V5.06 update 7 (build 960)
CPU DLL:         SARMCM3.DLL V5.34.0.0
Dialog DLL:      DCM.DLL V1.17.3.0
Target DLL:      STLink\ST-LINKIII-KEIL_SWO.dll V3.0.8.0
Dialog DLL:      TCM.DLL V1.48.0.0
 
<h2>Project:</h2>
E:\study_file\WTR\diy_joystick\joystick\MDK-ARM\uarst_test.uvprojx
Project File Date:  08/11/2021

<h2>Output:</h2>
*** Using Compiler 'V5.06 update 7 (build 960)', folder: 'C:\Keil_v5\ARM\ARMCC\Bin'
Build target 'uarst_test'
compiling gpio.c...
linking...
Program Size: Code=8604 RO-data=292 RW-data=32 ZI-data=1424  
FromELF: creating hex file...
"uarst_test\uarst_test.axf" - 0 Error(s), 0 Warning(s).

<h2>Software Packages used:</h2>

Package Vendor: ARM
                http://www.keil.com/pack/ARM.CMSIS.5.7.0.pack
                ARM.CMSIS.5.7.0
                CMSIS (Cortex Microcontroller Software Interface Standard)
   * Component: CORE Version: 5.4.0

Package Vendor: Keil
                http://www.keil.com/pack/Keil.STM32F1xx_DFP.2.2.0.pack
                Keil.STM32F1xx_DFP.2.2.0
                STMicroelectronics STM32F1 Series Device Support, Drivers and Examples

<h2>Collection of Component include folders:</h2>
  .\RTE\_uarst_test
  C:\Keil_v5\ARM\PACK\ARM\CMSIS\5.7.0\CMSIS\Core\Include
  C:\Keil_v5\ARM\PACK\Keil\STM32F1xx_DFP\2.2.0\Device\Include

<h2>Collection of Component Files used:</h2>

   * Component: ARM::CMSIS:CORE:5.4.0
      Include file:  CMSIS\Core\Include\tz_context.h
Build Time Elapsed:  00:00:01
</pre>
</body>
</html>
